2025-10-02 15:02:56 [    INFO] config_manager.py:187: Конфигурация успешно загружена
2025-10-02 15:02:56 [   DEBUG] config_manager.py:117: Chrome Driver: путь валиден - D:/chromedriver/chromedriver.exe
2025-10-02 15:02:56 [   DEBUG] config_manager.py:117: Chrome Browser: путь валиден - C:/Program Files/Google/Chrome/Application/chrome.exe
2025-10-02 15:02:56 [   DEBUG] config_manager.py:117: VT Process: путь валиден - C:/Users/edwar/Desktop/VT/Video Transport 1.9.5.1179(x64)/VT_Publisher.exe
2025-10-02 15:02:56 [   DEBUG] config_manager.py:117: Publisher XML Directory: путь валиден - C:/Users/edwar/Desktop/VT/Video Transport 1.9.5.1179(x64)/DLL
2025-10-02 15:02:56 [    INFO] config_manager.py:234: Конфигурация прошла валидацию
2025-10-02 15:02:56 [    INFO] logger_config.py:144: Логгер инициализирован для теста: VT_Publisher.exe
2025-10-02 15:03:12 [    INFO] process_handler.py:57: VT_Publisher.exe уже запущен. Завершаем процесс...
2025-10-02 15:03:13 [    INFO] process_handler.py:96: Процесс 'VT_Publisher.exe' и его дочерние процессы завершены.
2025-10-02 15:03:18 [    INFO] process_handler.py:33: Файл конфигурации C:/Users/edwar/Desktop/VT/Video Transport 1.9.5.1179(x64)/DLL/publisher.xml был удален.
2025-10-02 15:03:33 [    INFO] process_handler.py:70: VT_Publisher.exe был запущен.
2025-10-02 15:03:33 [   DEBUG] driver_finder.py:60: Skipping Selenium Manager; path to chrome driver specified in Service class: D:/chromedriver/chromedriver.exe
2025-10-02 15:03:33 [   DEBUG] service.py:226: Started executable: `D:/chromedriver/chromedriver.exe` in a child process with pid: 461440 using 0 to output -3
2025-10-02 15:03:33 [   DEBUG] remote_connection.py:405: POST http://localhost:60791/session {'capabilities': {'firstMatch': [{}], 'alwaysMatch': {'browserName': 'chrome', 'pageLoadStrategy': <PageLoadStrategy.normal: 'normal'>, 'goog:chromeOptions': {'extensions': [], 'binary': 'C:/Program Files/Google/Chrome/Application/chrome.exe', 'args': ['--use-fake-ui-for-media-stream', '--enable-gpu', '--disable-software-rasterizer', '--disable-dev-shm-usage', '--no-sandbox', "mediaStreamConstraints={'video': {'deviceId': {'exact': '85c5169a41b10634c11c439fb883f3b990ad69b6082dbabedea6635e12c61591'}}, 'audio': {'deviceId': {'exact': '7fd76655b10bf621fbeb2a96c3021f33c5c325b9b4fff386263f9d59556f5c6a'}}}"]}}}}
2025-10-02 15:03:33 [   DEBUG] connectionpool.py:241: Starting new HTTP connection (1): localhost:60791
2025-10-02 15:03:34 [   DEBUG] connectionpool.py:544: http://localhost:60791 "POST /session HTTP/1.1" 200 0
2025-10-02 15:03:34 [   DEBUG] remote_connection.py:438: Remote response: status=200 | data={"value":{"capabilities":{"acceptInsecureCerts":false,"browserName":"chrome","browserVersion":"140.0.7339.208","chrome":{"chromedriverVersion":"139.0.7258.138 (884e54ea8d42947ed636779015c5b4815e069838-refs/branch-heads/7258@{#2631})","userDataDir":"C:\\Users\\edwar\\AppData\\Local\\Temp\\scoped_dir461440_573303139"},"fedcm:accounts":true,"goog:chromeOptions":{"debuggerAddress":"localhost:60794"},"networkConnectionEnabled":false,"pageLoadStrategy":"normal","platformName":"windows","proxy":{},"setWindowRect":true,"strictFileInteractability":false,"timeouts":{"implicit":0,"pageLoad":300000,"script":30000},"unhandledPromptBehavior":"dismiss and notify","webauthn:extension:credBlob":true,"webauthn:extension:largeBlob":true,"webauthn:extension:minPinLength":true,"webauthn:extension:prf":true,"webauthn:virtualAuthenticators":true},"sessionId":"6da467110d7e3e20d77ad973d7a88669"}} | headers=HTTPHeaderDict({'Content-Length': '884', 'Content-Type': 'application/json; charset=utf-8', 'cache-control': 'no-cache'})
2025-10-02 15:03:34 [   DEBUG] remote_connection.py:467: Finished Request
2025-10-02 15:03:34 [   DEBUG] remote_connection.py:405: POST http://localhost:60791/session/6da467110d7e3e20d77ad973d7a88669/window/maximize {}
2025-10-02 15:03:34 [   DEBUG] connectionpool.py:544: http://localhost:60791 "POST /session/6da467110d7e3e20d77ad973d7a88669/window/maximize HTTP/1.1" 200 0
2025-10-02 15:03:34 [   DEBUG] remote_connection.py:438: Remote response: status=200 | data={"value":{"height":1048,"width":1936,"x":-8,"y":-8}} | headers=HTTPHeaderDict({'Content-Length': '52', 'Content-Type': 'application/json; charset=utf-8', 'cache-control': 'no-cache'})
2025-10-02 15:03:34 [   DEBUG] remote_connection.py:467: Finished Request
2025-10-02 15:03:34 [    INFO] logger_config.py:144: Логгер инициализирован для теста: test_start_stream
2025-10-02 15:03:58 [    INFO] conftest.py:97: Получен URL: https://vt08.medialooks.com:8080/wg2/RfIDPHPAXQa7llTb
2025-10-02 15:03:58 [    INFO] conftest.py:164: Переходим на страницу Web Guest
2025-10-02 15:03:58 [   DEBUG] remote_connection.py:405: POST http://localhost:60791/session/6da467110d7e3e20d77ad973d7a88669/url {'url': 'https://vt08.medialooks.com:8080/wg2/RfIDPHPAXQa7llTb'}
2025-10-02 15:03:59 [   DEBUG] connectionpool.py:544: http://localhost:60791 "POST /session/6da467110d7e3e20d77ad973d7a88669/url HTTP/1.1" 200 0
2025-10-02 15:03:59 [   DEBUG] remote_connection.py:438: Remote response: status=200 | data={"value":null} | headers=HTTPHeaderDict({'Content-Length': '14', 'Content-Type': 'application/json; charset=utf-8', 'cache-control': 'no-cache'})
2025-10-02 15:03:59 [   DEBUG] remote_connection.py:467: Finished Request
2025-10-02 15:03:59 [    INFO] notificaton_handler.py:42: Ожидание уведомления...
2025-10-02 15:03:59 [   DEBUG] remote_connection.py:405: POST http://localhost:60791/session/6da467110d7e3e20d77ad973d7a88669/element {'using': 'xpath', 'value': "//div[contains(@class, 'notification-parent')]"}
2025-10-02 15:04:00 [   DEBUG] connectionpool.py:544: http://localhost:60791 "POST /session/6da467110d7e3e20d77ad973d7a88669/element HTTP/1.1" 404 0
2025-10-02 15:04:00 [   DEBUG] remote_connection.py:438: Remote response: status=404 | data={"value":{"error":"no such element","message":"no such element: Unable to locate element: {\"method\":\"xpath\",\"selector\":\"//div[contains(@class, 'notification-parent')]\"}\n  (Session info: chrome=140.0.7339.208)","stacktrace":"\tGetHandleVerifier [0x0x7ff6372a78d5+2802741]\n\tGetHandleVerifier [0x0x7ff63700eb70+79568]\n\t(No symbol) [0x0x7ff636dac0fa]\n\t(No symbol) [0x0x7ff636e02a96]\n\t(No symbol) [0x0x7ff636e02d4c]\n\t(No symbol) [0x0x7ff636e56017]\n\t(No symbol) [0x0x7ff636e2accf]\n\t(No symbol) [0x0x7ff636e52e24]\n\t(No symbol) [0x0x7ff636e2aa63]\n\t(No symbol) [0x0x7ff636df3c91]\n\t(No symbol) [0x0x7ff636df4a23]\n\tGetHandleVerifier [0x0x7ff6372d2ced+2979917]\n\tGetHandleVerifier [0x0x7ff6372cd0f3+2956371]\n\tGetHandleVerifier [0x0x7ff6372eacbd+3078173]\n\tGetHandleVerifier [0x0x7ff63702836e+184014]\n\tGetHandleVerifier [0x0x7ff63703024f+216495]\n\tGetHandleVerifier [0x0x7ff6370170c4+113700]\n\tGetHandleVerifier [0x0x7ff637017279+114137]\n\tGetHandleVerifier [0x0x7ff636ffdf78+10968]\n\tBaseThreadInitThunk [0x0x7ff9d99d259d+29]\n\tRtlUserThreadStart [0x0x7ff9da8caf78+40]\n"}} | headers=HTTPHeaderDict({'Content-Length': '1103', 'Content-Type': 'application/json; charset=utf-8', 'cache-control': 'no-cache'})
2025-10-02 15:04:00 [   DEBUG] remote_connection.py:467: Finished Request
2025-10-02 15:04:00 [   DEBUG] remote_connection.py:405: POST http://localhost:60791/session/6da467110d7e3e20d77ad973d7a88669/element {'using': 'xpath', 'value': "//div[contains(@class, 'notification-parent')]"}
2025-10-02 15:04:00 [   DEBUG] connectionpool.py:544: http://localhost:60791 "POST /session/6da467110d7e3e20d77ad973d7a88669/element HTTP/1.1" 404 0
2025-10-02 15:04:00 [   DEBUG] remote_connection.py:438: Remote response: status=404 | data={"value":{"error":"no such element","message":"no such element: Unable to locate element: {\"method\":\"xpath\",\"selector\":\"//div[contains(@class, 'notification-parent')]\"}\n  (Session info: chrome=140.0.7339.208)","stacktrace":"\tGetHandleVerifier [0x0x7ff6372a78d5+2802741]\n\tGetHandleVerifier [0x0x7ff63700eb70+79568]\n\t(No symbol) [0x0x7ff636dac0fa]\n\t(No symbol) [0x0x7ff636e02a96]\n\t(No symbol) [0x0x7ff636e02d4c]\n\t(No symbol) [0x0x7ff636e56017]\n\t(No symbol) [0x0x7ff636e2accf]\n\t(No symbol) [0x0x7ff636e52e24]\n\t(No symbol) [0x0x7ff636e2aa63]\n\t(No symbol) [0x0x7ff636df3c91]\n\t(No symbol) [0x0x7ff636df4a23]\n\tGetHandleVerifier [0x0x7ff6372d2ced+2979917]\n\tGetHandleVerifier [0x0x7ff6372cd0f3+2956371]\n\tGetHandleVerifier [0x0x7ff6372eacbd+3078173]\n\tGetHandleVerifier [0x0x7ff63702836e+184014]\n\tGetHandleVerifier [0x0x7ff63703024f+216495]\n\tGetHandleVerifier [0x0x7ff6370170c4+113700]\n\tGetHandleVerifier [0x0x7ff637017279+114137]\n\tGetHandleVerifier [0x0x7ff636ffdf78+10968]\n\tBaseThreadInitThunk [0x0x7ff9d99d259d+29]\n\tRtlUserThreadStart [0x0x7ff9da8caf78+40]\n"}} | headers=HTTPHeaderDict({'Content-Length': '1103', 'Content-Type': 'application/json; charset=utf-8', 'cache-control': 'no-cache'})
2025-10-02 15:04:00 [   DEBUG] remote_connection.py:467: Finished Request
2025-10-02 15:04:01 [   DEBUG] remote_connection.py:405: POST http://localhost:60791/session/6da467110d7e3e20d77ad973d7a88669/element {'using': 'xpath', 'value': "//div[contains(@class, 'notification-parent')]"}
2025-10-02 15:04:01 [   DEBUG] connectionpool.py:544: http://localhost:60791 "POST /session/6da467110d7e3e20d77ad973d7a88669/element HTTP/1.1" 404 0
2025-10-02 15:04:01 [   DEBUG] remote_connection.py:438: Remote response: status=404 | data={"value":{"error":"no such element","message":"no such element: Unable to locate element: {\"method\":\"xpath\",\"selector\":\"//div[contains(@class, 'notification-parent')]\"}\n  (Session info: chrome=140.0.7339.208)","stacktrace":"\tGetHandleVerifier [0x0x7ff6372a78d5+2802741]\n\tGetHandleVerifier [0x0x7ff63700eb70+79568]\n\t(No symbol) [0x0x7ff636dac0fa]\n\t(No symbol) [0x0x7ff636e02a96]\n\t(No symbol) [0x0x7ff636e02d4c]\n\t(No symbol) [0x0x7ff636e56017]\n\t(No symbol) [0x0x7ff636e2accf]\n\t(No symbol) [0x0x7ff636e52e24]\n\t(No symbol) [0x0x7ff636e2aa63]\n\t(No symbol) [0x0x7ff636df3c91]\n\t(No symbol) [0x0x7ff636df4a23]\n\tGetHandleVerifier [0x0x7ff6372d2ced+2979917]\n\tGetHandleVerifier [0x0x7ff6372cd0f3+2956371]\n\tGetHandleVerifier [0x0x7ff6372eacbd+3078173]\n\tGetHandleVerifier [0x0x7ff63702836e+184014]\n\tGetHandleVerifier [0x0x7ff63703024f+216495]\n\tGetHandleVerifier [0x0x7ff6370170c4+113700]\n\tGetHandleVerifier [0x0x7ff637017279+114137]\n\tGetHandleVerifier [0x0x7ff636ffdf78+10968]\n\tBaseThreadInitThunk [0x0x7ff9d99d259d+29]\n\tRtlUserThreadStart [0x0x7ff9da8caf78+40]\n"}} | headers=HTTPHeaderDict({'Content-Length': '1103', 'Content-Type': 'application/json; charset=utf-8', 'cache-control': 'no-cache'})
2025-10-02 15:04:01 [   DEBUG] remote_connection.py:467: Finished Request
2025-10-02 15:04:01 [   DEBUG] remote_connection.py:405: POST http://localhost:60791/session/6da467110d7e3e20d77ad973d7a88669/element {'using': 'xpath', 'value': "//div[contains(@class, 'notification-parent')]"}
2025-10-02 15:04:01 [   DEBUG] connectionpool.py:544: http://localhost:60791 "POST /session/6da467110d7e3e20d77ad973d7a88669/element HTTP/1.1" 404 0
2025-10-02 15:04:01 [   DEBUG] remote_connection.py:438: Remote response: status=404 | data={"value":{"error":"no such element","message":"no such element: Unable to locate element: {\"method\":\"xpath\",\"selector\":\"//div[contains(@class, 'notification-parent')]\"}\n  (Session info: chrome=140.0.7339.208)","stacktrace":"\tGetHandleVerifier [0x0x7ff6372a78d5+2802741]\n\tGetHandleVerifier [0x0x7ff63700eb70+79568]\n\t(No symbol) [0x0x7ff636dac0fa]\n\t(No symbol) [0x0x7ff636e02a96]\n\t(No symbol) [0x0x7ff636e02d4c]\n\t(No symbol) [0x0x7ff636e56017]\n\t(No symbol) [0x0x7ff636e2accf]\n\t(No symbol) [0x0x7ff636e52e24]\n\t(No symbol) [0x0x7ff636e2aa63]\n\t(No symbol) [0x0x7ff636df3c91]\n\t(No symbol) [0x0x7ff636df4a23]\n\tGetHandleVerifier [0x0x7ff6372d2ced+2979917]\n\tGetHandleVerifier [0x0x7ff6372cd0f3+2956371]\n\tGetHandleVerifier [0x0x7ff6372eacbd+3078173]\n\tGetHandleVerifier [0x0x7ff63702836e+184014]\n\tGetHandleVerifier [0x0x7ff63703024f+216495]\n\tGetHandleVerifier [0x0x7ff6370170c4+113700]\n\tGetHandleVerifier [0x0x7ff637017279+114137]\n\tGetHandleVerifier [0x0x7ff636ffdf78+10968]\n\tBaseThreadInitThunk [0x0x7ff9d99d259d+29]\n\tRtlUserThreadStart [0x0x7ff9da8caf78+40]\n"}} | headers=HTTPHeaderDict({'Content-Length': '1103', 'Content-Type': 'application/json; charset=utf-8', 'cache-control': 'no-cache'})
2025-10-02 15:04:01 [   DEBUG] remote_connection.py:467: Finished Request
2025-10-02 15:04:02 [   DEBUG] remote_connection.py:405: POST http://localhost:60791/session/6da467110d7e3e20d77ad973d7a88669/element {'using': 'xpath', 'value': "//div[contains(@class, 'notification-parent')]"}
2025-10-02 15:04:02 [   DEBUG] connectionpool.py:544: http://localhost:60791 "POST /session/6da467110d7e3e20d77ad973d7a88669/element HTTP/1.1" 404 0
2025-10-02 15:04:02 [   DEBUG] remote_connection.py:438: Remote response: status=404 | data={"value":{"error":"no such element","message":"no such element: Unable to locate element: {\"method\":\"xpath\",\"selector\":\"//div[contains(@class, 'notification-parent')]\"}\n  (Session info: chrome=140.0.7339.208)","stacktrace":"\tGetHandleVerifier [0x0x7ff6372a78d5+2802741]\n\tGetHandleVerifier [0x0x7ff63700eb70+79568]\n\t(No symbol) [0x0x7ff636dac0fa]\n\t(No symbol) [0x0x7ff636e02a96]\n\t(No symbol) [0x0x7ff636e02d4c]\n\t(No symbol) [0x0x7ff636e56017]\n\t(No symbol) [0x0x7ff636e2accf]\n\t(No symbol) [0x0x7ff636e52e24]\n\t(No symbol) [0x0x7ff636e2aa63]\n\t(No symbol) [0x0x7ff636df3c91]\n\t(No symbol) [0x0x7ff636df4a23]\n\tGetHandleVerifier [0x0x7ff6372d2ced+2979917]\n\tGetHandleVerifier [0x0x7ff6372cd0f3+2956371]\n\tGetHandleVerifier [0x0x7ff6372eacbd+3078173]\n\tGetHandleVerifier [0x0x7ff63702836e+184014]\n\tGetHandleVerifier [0x0x7ff63703024f+216495]\n\tGetHandleVerifier [0x0x7ff6370170c4+113700]\n\tGetHandleVerifier [0x0x7ff637017279+114137]\n\tGetHandleVerifier [0x0x7ff636ffdf78+10968]\n\tBaseThreadInitThunk [0x0x7ff9d99d259d+29]\n\tRtlUserThreadStart [0x0x7ff9da8caf78+40]\n"}} | headers=HTTPHeaderDict({'Content-Length': '1103', 'Content-Type': 'application/json; charset=utf-8', 'cache-control': 'no-cache'})
2025-10-02 15:04:02 [   DEBUG] remote_connection.py:467: Finished Request
2025-10-02 15:04:02 [   DEBUG] remote_connection.py:405: POST http://localhost:60791/session/6da467110d7e3e20d77ad973d7a88669/element {'using': 'xpath', 'value': "//div[contains(@class, 'notification-parent')]"}
2025-10-02 15:04:02 [   DEBUG] connectionpool.py:544: http://localhost:60791 "POST /session/6da467110d7e3e20d77ad973d7a88669/element HTTP/1.1" 404 0
2025-10-02 15:04:02 [   DEBUG] remote_connection.py:438: Remote response: status=404 | data={"value":{"error":"no such element","message":"no such element: Unable to locate element: {\"method\":\"xpath\",\"selector\":\"//div[contains(@class, 'notification-parent')]\"}\n  (Session info: chrome=140.0.7339.208)","stacktrace":"\tGetHandleVerifier [0x0x7ff6372a78d5+2802741]\n\tGetHandleVerifier [0x0x7ff63700eb70+79568]\n\t(No symbol) [0x0x7ff636dac0fa]\n\t(No symbol) [0x0x7ff636e02a96]\n\t(No symbol) [0x0x7ff636e02d4c]\n\t(No symbol) [0x0x7ff636e56017]\n\t(No symbol) [0x0x7ff636e2accf]\n\t(No symbol) [0x0x7ff636e52e24]\n\t(No symbol) [0x0x7ff636e2aa63]\n\t(No symbol) [0x0x7ff636df3c91]\n\t(No symbol) [0x0x7ff636df4a23]\n\tGetHandleVerifier [0x0x7ff6372d2ced+2979917]\n\tGetHandleVerifier [0x0x7ff6372cd0f3+2956371]\n\tGetHandleVerifier [0x0x7ff6372eacbd+3078173]\n\tGetHandleVerifier [0x0x7ff63702836e+184014]\n\tGetHandleVerifier [0x0x7ff63703024f+216495]\n\tGetHandleVerifier [0x0x7ff6370170c4+113700]\n\tGetHandleVerifier [0x0x7ff637017279+114137]\n\tGetHandleVerifier [0x0x7ff636ffdf78+10968]\n\tBaseThreadInitThunk [0x0x7ff9d99d259d+29]\n\tRtlUserThreadStart [0x0x7ff9da8caf78+40]\n"}} | headers=HTTPHeaderDict({'Content-Length': '1103', 'Content-Type': 'application/json; charset=utf-8', 'cache-control': 'no-cache'})
2025-10-02 15:04:02 [   DEBUG] remote_connection.py:467: Finished Request
2025-10-02 15:04:03 [   DEBUG] remote_connection.py:405: POST http://localhost:60791/session/6da467110d7e3e20d77ad973d7a88669/element {'using': 'xpath', 'value': "//div[contains(@class, 'notification-parent')]"}
2025-10-02 15:04:03 [   DEBUG] connectionpool.py:544: http://localhost:60791 "POST /session/6da467110d7e3e20d77ad973d7a88669/element HTTP/1.1" 404 0
2025-10-02 15:04:03 [   DEBUG] remote_connection.py:438: Remote response: status=404 | data={"value":{"error":"no such element","message":"no such element: Unable to locate element: {\"method\":\"xpath\",\"selector\":\"//div[contains(@class, 'notification-parent')]\"}\n  (Session info: chrome=140.0.7339.208)","stacktrace":"\tGetHandleVerifier [0x0x7ff6372a78d5+2802741]\n\tGetHandleVerifier [0x0x7ff63700eb70+79568]\n\t(No symbol) [0x0x7ff636dac0fa]\n\t(No symbol) [0x0x7ff636e02a96]\n\t(No symbol) [0x0x7ff636e02d4c]\n\t(No symbol) [0x0x7ff636e56017]\n\t(No symbol) [0x0x7ff636e2accf]\n\t(No symbol) [0x0x7ff636e52e24]\n\t(No symbol) [0x0x7ff636e2aa63]\n\t(No symbol) [0x0x7ff636df3c91]\n\t(No symbol) [0x0x7ff636df4a23]\n\tGetHandleVerifier [0x0x7ff6372d2ced+2979917]\n\tGetHandleVerifier [0x0x7ff6372cd0f3+2956371]\n\tGetHandleVerifier [0x0x7ff6372eacbd+3078173]\n\tGetHandleVerifier [0x0x7ff63702836e+184014]\n\tGetHandleVerifier [0x0x7ff63703024f+216495]\n\tGetHandleVerifier [0x0x7ff6370170c4+113700]\n\tGetHandleVerifier [0x0x7ff637017279+114137]\n\tGetHandleVerifier [0x0x7ff636ffdf78+10968]\n\tBaseThreadInitThunk [0x0x7ff9d99d259d+29]\n\tRtlUserThreadStart [0x0x7ff9da8caf78+40]\n"}} | headers=HTTPHeaderDict({'Content-Length': '1103', 'Content-Type': 'application/json; charset=utf-8', 'cache-control': 'no-cache'})
2025-10-02 15:04:03 [   DEBUG] remote_connection.py:467: Finished Request
2025-10-02 15:04:03 [   DEBUG] remote_connection.py:405: POST http://localhost:60791/session/6da467110d7e3e20d77ad973d7a88669/element {'using': 'xpath', 'value': "//div[contains(@class, 'notification-parent')]"}
2025-10-02 15:04:03 [   DEBUG] connectionpool.py:544: http://localhost:60791 "POST /session/6da467110d7e3e20d77ad973d7a88669/element HTTP/1.1" 404 0
2025-10-02 15:04:03 [   DEBUG] remote_connection.py:438: Remote response: status=404 | data={"value":{"error":"no such element","message":"no such element: Unable to locate element: {\"method\":\"xpath\",\"selector\":\"//div[contains(@class, 'notification-parent')]\"}\n  (Session info: chrome=140.0.7339.208)","stacktrace":"\tGetHandleVerifier [0x0x7ff6372a78d5+2802741]\n\tGetHandleVerifier [0x0x7ff63700eb70+79568]\n\t(No symbol) [0x0x7ff636dac0fa]\n\t(No symbol) [0x0x7ff636e02a96]\n\t(No symbol) [0x0x7ff636e02d4c]\n\t(No symbol) [0x0x7ff636e56017]\n\t(No symbol) [0x0x7ff636e2accf]\n\t(No symbol) [0x0x7ff636e52e24]\n\t(No symbol) [0x0x7ff636e2aa63]\n\t(No symbol) [0x0x7ff636df3c91]\n\t(No symbol) [0x0x7ff636df4a23]\n\tGetHandleVerifier [0x0x7ff6372d2ced+2979917]\n\tGetHandleVerifier [0x0x7ff6372cd0f3+2956371]\n\tGetHandleVerifier [0x0x7ff6372eacbd+3078173]\n\tGetHandleVerifier [0x0x7ff63702836e+184014]\n\tGetHandleVerifier [0x0x7ff63703024f+216495]\n\tGetHandleVerifier [0x0x7ff6370170c4+113700]\n\tGetHandleVerifier [0x0x7ff637017279+114137]\n\tGetHandleVerifier [0x0x7ff636ffdf78+10968]\n\tBaseThreadInitThunk [0x0x7ff9d99d259d+29]\n\tRtlUserThreadStart [0x0x7ff9da8caf78+40]\n"}} | headers=HTTPHeaderDict({'Content-Length': '1103', 'Content-Type': 'application/json; charset=utf-8', 'cache-control': 'no-cache'})
2025-10-02 15:04:03 [   DEBUG] remote_connection.py:467: Finished Request
2025-10-02 15:04:04 [   DEBUG] remote_connection.py:405: POST http://localhost:60791/session/6da467110d7e3e20d77ad973d7a88669/element {'using': 'xpath', 'value': "//div[contains(@class, 'notification-parent')]"}
2025-10-02 15:04:04 [   DEBUG] connectionpool.py:544: http://localhost:60791 "POST /session/6da467110d7e3e20d77ad973d7a88669/element HTTP/1.1" 404 0
2025-10-02 15:04:04 [   DEBUG] remote_connection.py:438: Remote response: status=404 | data={"value":{"error":"no such element","message":"no such element: Unable to locate element: {\"method\":\"xpath\",\"selector\":\"//div[contains(@class, 'notification-parent')]\"}\n  (Session info: chrome=140.0.7339.208)","stacktrace":"\tGetHandleVerifier [0x0x7ff6372a78d5+2802741]\n\tGetHandleVerifier [0x0x7ff63700eb70+79568]\n\t(No symbol) [0x0x7ff636dac0fa]\n\t(No symbol) [0x0x7ff636e02a96]\n\t(No symbol) [0x0x7ff636e02d4c]\n\t(No symbol) [0x0x7ff636e56017]\n\t(No symbol) [0x0x7ff636e2accf]\n\t(No symbol) [0x0x7ff636e52e24]\n\t(No symbol) [0x0x7ff636e2aa63]\n\t(No symbol) [0x0x7ff636df3c91]\n\t(No symbol) [0x0x7ff636df4a23]\n\tGetHandleVerifier [0x0x7ff6372d2ced+2979917]\n\tGetHandleVerifier [0x0x7ff6372cd0f3+2956371]\n\tGetHandleVerifier [0x0x7ff6372eacbd+3078173]\n\tGetHandleVerifier [0x0x7ff63702836e+184014]\n\tGetHandleVerifier [0x0x7ff63703024f+216495]\n\tGetHandleVerifier [0x0x7ff6370170c4+113700]\n\tGetHandleVerifier [0x0x7ff637017279+114137]\n\tGetHandleVerifier [0x0x7ff636ffdf78+10968]\n\tBaseThreadInitThunk [0x0x7ff9d99d259d+29]\n\tRtlUserThreadStart [0x0x7ff9da8caf78+40]\n"}} | headers=HTTPHeaderDict({'Content-Length': '1103', 'Content-Type': 'application/json; charset=utf-8', 'cache-control': 'no-cache'})
2025-10-02 15:04:04 [   DEBUG] remote_connection.py:467: Finished Request
2025-10-02 15:04:04 [   DEBUG] remote_connection.py:405: POST http://localhost:60791/session/6da467110d7e3e20d77ad973d7a88669/element {'using': 'xpath', 'value': "//div[contains(@class, 'notification-parent')]"}
2025-10-02 15:04:04 [   DEBUG] connectionpool.py:544: http://localhost:60791 "POST /session/6da467110d7e3e20d77ad973d7a88669/element HTTP/1.1" 404 0
2025-10-02 15:04:04 [   DEBUG] remote_connection.py:438: Remote response: status=404 | data={"value":{"error":"no such element","message":"no such element: Unable to locate element: {\"method\":\"xpath\",\"selector\":\"//div[contains(@class, 'notification-parent')]\"}\n  (Session info: chrome=140.0.7339.208)","stacktrace":"\tGetHandleVerifier [0x0x7ff6372a78d5+2802741]\n\tGetHandleVerifier [0x0x7ff63700eb70+79568]\n\t(No symbol) [0x0x7ff636dac0fa]\n\t(No symbol) [0x0x7ff636e02a96]\n\t(No symbol) [0x0x7ff636e02d4c]\n\t(No symbol) [0x0x7ff636e56017]\n\t(No symbol) [0x0x7ff636e2accf]\n\t(No symbol) [0x0x7ff636e52e24]\n\t(No symbol) [0x0x7ff636e2aa63]\n\t(No symbol) [0x0x7ff636df3c91]\n\t(No symbol) [0x0x7ff636df4a23]\n\tGetHandleVerifier [0x0x7ff6372d2ced+2979917]\n\tGetHandleVerifier [0x0x7ff6372cd0f3+2956371]\n\tGetHandleVerifier [0x0x7ff6372eacbd+3078173]\n\tGetHandleVerifier [0x0x7ff63702836e+184014]\n\tGetHandleVerifier [0x0x7ff63703024f+216495]\n\tGetHandleVerifier [0x0x7ff6370170c4+113700]\n\tGetHandleVerifier [0x0x7ff637017279+114137]\n\tGetHandleVerifier [0x0x7ff636ffdf78+10968]\n\tBaseThreadInitThunk [0x0x7ff9d99d259d+29]\n\tRtlUserThreadStart [0x0x7ff9da8caf78+40]\n"}} | headers=HTTPHeaderDict({'Content-Length': '1103', 'Content-Type': 'application/json; charset=utf-8', 'cache-control': 'no-cache'})
2025-10-02 15:04:04 [   DEBUG] remote_connection.py:467: Finished Request
2025-10-02 15:04:05 [   DEBUG] remote_connection.py:405: POST http://localhost:60791/session/6da467110d7e3e20d77ad973d7a88669/element {'using': 'xpath', 'value': "//div[contains(@class, 'notification-parent')]"}
2025-10-02 15:04:05 [   DEBUG] connectionpool.py:544: http://localhost:60791 "POST /session/6da467110d7e3e20d77ad973d7a88669/element HTTP/1.1" 404 0
2025-10-02 15:04:05 [   DEBUG] remote_connection.py:438: Remote response: status=404 | data={"value":{"error":"no such element","message":"no such element: Unable to locate element: {\"method\":\"xpath\",\"selector\":\"//div[contains(@class, 'notification-parent')]\"}\n  (Session info: chrome=140.0.7339.208)","stacktrace":"\tGetHandleVerifier [0x0x7ff6372a78d5+2802741]\n\tGetHandleVerifier [0x0x7ff63700eb70+79568]\n\t(No symbol) [0x0x7ff636dac0fa]\n\t(No symbol) [0x0x7ff636e02a96]\n\t(No symbol) [0x0x7ff636e02d4c]\n\t(No symbol) [0x0x7ff636e56017]\n\t(No symbol) [0x0x7ff636e2accf]\n\t(No symbol) [0x0x7ff636e52e24]\n\t(No symbol) [0x0x7ff636e2aa63]\n\t(No symbol) [0x0x7ff636df3c91]\n\t(No symbol) [0x0x7ff636df4a23]\n\tGetHandleVerifier [0x0x7ff6372d2ced+2979917]\n\tGetHandleVerifier [0x0x7ff6372cd0f3+2956371]\n\tGetHandleVerifier [0x0x7ff6372eacbd+3078173]\n\tGetHandleVerifier [0x0x7ff63702836e+184014]\n\tGetHandleVerifier [0x0x7ff63703024f+216495]\n\tGetHandleVerifier [0x0x7ff6370170c4+113700]\n\tGetHandleVerifier [0x0x7ff637017279+114137]\n\tGetHandleVerifier [0x0x7ff636ffdf78+10968]\n\tBaseThreadInitThunk [0x0x7ff9d99d259d+29]\n\tRtlUserThreadStart [0x0x7ff9da8caf78+40]\n"}} | headers=HTTPHeaderDict({'Content-Length': '1103', 'Content-Type': 'application/json; charset=utf-8', 'cache-control': 'no-cache'})
2025-10-02 15:04:05 [   DEBUG] remote_connection.py:467: Finished Request
2025-10-02 15:04:05 [ WARNING] notificaton_handler.py:70: Уведомление не найдено, продолжаем тест.
2025-10-02 15:04:05 [   DEBUG] remote_connection.py:405: POST http://localhost:60791/session/6da467110d7e3e20d77ad973d7a88669/element {'using': 'xpath', 'value': "//button[@type='submit' and @data-cy='connect-button']"}
2025-10-02 15:04:05 [   DEBUG] connectionpool.py:544: http://localhost:60791 "POST /session/6da467110d7e3e20d77ad973d7a88669/element HTTP/1.1" 404 0
2025-10-02 15:04:05 [   DEBUG] remote_connection.py:438: Remote response: status=404 | data={"value":{"error":"no such element","message":"no such element: Unable to locate element: {\"method\":\"xpath\",\"selector\":\"//button[@type='submit' and @data-cy='connect-button']\"}\n  (Session info: chrome=140.0.7339.208)","stacktrace":"\tGetHandleVerifier [0x0x7ff6372a78d5+2802741]\n\tGetHandleVerifier [0x0x7ff63700eb70+79568]\n\t(No symbol) [0x0x7ff636dac0fa]\n\t(No symbol) [0x0x7ff636e02a96]\n\t(No symbol) [0x0x7ff636e02d4c]\n\t(No symbol) [0x0x7ff636e56017]\n\t(No symbol) [0x0x7ff636e2accf]\n\t(No symbol) [0x0x7ff636e52e24]\n\t(No symbol) [0x0x7ff636e2aa63]\n\t(No symbol) [0x0x7ff636df3c91]\n\t(No symbol) [0x0x7ff636df4a23]\n\tGetHandleVerifier [0x0x7ff6372d2ced+2979917]\n\tGetHandleVerifier [0x0x7ff6372cd0f3+2956371]\n\tGetHandleVerifier [0x0x7ff6372eacbd+3078173]\n\tGetHandleVerifier [0x0x7ff63702836e+184014]\n\tGetHandleVerifier [0x0x7ff63703024f+216495]\n\tGetHandleVerifier [0x0x7ff6370170c4+113700]\n\tGetHandleVerifier [0x0x7ff637017279+114137]\n\tGetHandleVerifier [0x0x7ff636ffdf78+10968]\n\tBaseThreadInitThunk [0x0x7ff9d99d259d+29]\n\tRtlUserThreadStart [0x0x7ff9da8caf78+40]\n"}} | headers=HTTPHeaderDict({'Content-Length': '1111', 'Content-Type': 'application/json; charset=utf-8', 'cache-control': 'no-cache'})
2025-10-02 15:04:05 [   DEBUG] remote_connection.py:467: Finished Request
2025-10-02 15:04:05 [   DEBUG] remote_connection.py:405: POST http://localhost:60791/session/6da467110d7e3e20d77ad973d7a88669/element {'using': 'xpath', 'value': "//button[@type='submit' and @data-cy='connect-button']"}
2025-10-02 15:04:05 [   DEBUG] connectionpool.py:544: http://localhost:60791 "POST /session/6da467110d7e3e20d77ad973d7a88669/element HTTP/1.1" 404 0
2025-10-02 15:04:05 [   DEBUG] remote_connection.py:438: Remote response: status=404 | data={"value":{"error":"no such element","message":"no such element: Unable to locate element: {\"method\":\"xpath\",\"selector\":\"//button[@type='submit' and @data-cy='connect-button']\"}\n  (Session info: chrome=140.0.7339.208)","stacktrace":"\tGetHandleVerifier [0x0x7ff6372a78d5+2802741]\n\tGetHandleVerifier [0x0x7ff63700eb70+79568]\n\t(No symbol) [0x0x7ff636dac0fa]\n\t(No symbol) [0x0x7ff636e02a96]\n\t(No symbol) [0x0x7ff636e02d4c]\n\t(No symbol) [0x0x7ff636e56017]\n\t(No symbol) [0x0x7ff636e2accf]\n\t(No symbol) [0x0x7ff636e52e24]\n\t(No symbol) [0x0x7ff636e2aa63]\n\t(No symbol) [0x0x7ff636df3c91]\n\t(No symbol) [0x0x7ff636df4a23]\n\tGetHandleVerifier [0x0x7ff6372d2ced+2979917]\n\tGetHandleVerifier [0x0x7ff6372cd0f3+2956371]\n\tGetHandleVerifier [0x0x7ff6372eacbd+3078173]\n\tGetHandleVerifier [0x0x7ff63702836e+184014]\n\tGetHandleVerifier [0x0x7ff63703024f+216495]\n\tGetHandleVerifier [0x0x7ff6370170c4+113700]\n\tGetHandleVerifier [0x0x7ff637017279+114137]\n\tGetHandleVerifier [0x0x7ff636ffdf78+10968]\n\tBaseThreadInitThunk [0x0x7ff9d99d259d+29]\n\tRtlUserThreadStart [0x0x7ff9da8caf78+40]\n"}} | headers=HTTPHeaderDict({'Content-Length': '1111', 'Content-Type': 'application/json; charset=utf-8', 'cache-control': 'no-cache'})
2025-10-02 15:04:05 [   DEBUG] remote_connection.py:467: Finished Request
2025-10-02 15:04:06 [   DEBUG] remote_connection.py:405: POST http://localhost:60791/session/6da467110d7e3e20d77ad973d7a88669/element {'using': 'xpath', 'value': "//button[@type='submit' and @data-cy='connect-button']"}
2025-10-02 15:04:06 [   DEBUG] connectionpool.py:544: http://localhost:60791 "POST /session/6da467110d7e3e20d77ad973d7a88669/element HTTP/1.1" 404 0
2025-10-02 15:04:06 [   DEBUG] remote_connection.py:438: Remote response: status=404 | data={"value":{"error":"no such element","message":"no such element: Unable to locate element: {\"method\":\"xpath\",\"selector\":\"//button[@type='submit' and @data-cy='connect-button']\"}\n  (Session info: chrome=140.0.7339.208)","stacktrace":"\tGetHandleVerifier [0x0x7ff6372a78d5+2802741]\n\tGetHandleVerifier [0x0x7ff63700eb70+79568]\n\t(No symbol) [0x0x7ff636dac0fa]\n\t(No symbol) [0x0x7ff636e02a96]\n\t(No symbol) [0x0x7ff636e02d4c]\n\t(No symbol) [0x0x7ff636e56017]\n\t(No symbol) [0x0x7ff636e2accf]\n\t(No symbol) [0x0x7ff636e52e24]\n\t(No symbol) [0x0x7ff636e2aa63]\n\t(No symbol) [0x0x7ff636df3c91]\n\t(No symbol) [0x0x7ff636df4a23]\n\tGetHandleVerifier [0x0x7ff6372d2ced+2979917]\n\tGetHandleVerifier [0x0x7ff6372cd0f3+2956371]\n\tGetHandleVerifier [0x0x7ff6372eacbd+3078173]\n\tGetHandleVerifier [0x0x7ff63702836e+184014]\n\tGetHandleVerifier [0x0x7ff63703024f+216495]\n\tGetHandleVerifier [0x0x7ff6370170c4+113700]\n\tGetHandleVerifier [0x0x7ff637017279+114137]\n\tGetHandleVerifier [0x0x7ff636ffdf78+10968]\n\tBaseThreadInitThunk [0x0x7ff9d99d259d+29]\n\tRtlUserThreadStart [0x0x7ff9da8caf78+40]\n"}} | headers=HTTPHeaderDict({'Content-Length': '1111', 'Content-Type': 'application/json; charset=utf-8', 'cache-control': 'no-cache'})
2025-10-02 15:04:06 [   DEBUG] remote_connection.py:467: Finished Request
2025-10-02 15:04:06 [   DEBUG] remote_connection.py:405: POST http://localhost:60791/session/6da467110d7e3e20d77ad973d7a88669/element {'using': 'xpath', 'value': "//button[@type='submit' and @data-cy='connect-button']"}
2025-10-02 15:04:06 [   DEBUG] connectionpool.py:544: http://localhost:60791 "POST /session/6da467110d7e3e20d77ad973d7a88669/element HTTP/1.1" 404 0
2025-10-02 15:04:06 [   DEBUG] remote_connection.py:438: Remote response: status=404 | data={"value":{"error":"no such element","message":"no such element: Unable to locate element: {\"method\":\"xpath\",\"selector\":\"//button[@type='submit' and @data-cy='connect-button']\"}\n  (Session info: chrome=140.0.7339.208)","stacktrace":"\tGetHandleVerifier [0x0x7ff6372a78d5+2802741]\n\tGetHandleVerifier [0x0x7ff63700eb70+79568]\n\t(No symbol) [0x0x7ff636dac0fa]\n\t(No symbol) [0x0x7ff636e02a96]\n\t(No symbol) [0x0x7ff636e02d4c]\n\t(No symbol) [0x0x7ff636e56017]\n\t(No symbol) [0x0x7ff636e2accf]\n\t(No symbol) [0x0x7ff636e52e24]\n\t(No symbol) [0x0x7ff636e2aa63]\n\t(No symbol) [0x0x7ff636df3c91]\n\t(No symbol) [0x0x7ff636df4a23]\n\tGetHandleVerifier [0x0x7ff6372d2ced+2979917]\n\tGetHandleVerifier [0x0x7ff6372cd0f3+2956371]\n\tGetHandleVerifier [0x0x7ff6372eacbd+3078173]\n\tGetHandleVerifier [0x0x7ff63702836e+184014]\n\tGetHandleVerifier [0x0x7ff63703024f+216495]\n\tGetHandleVerifier [0x0x7ff6370170c4+113700]\n\tGetHandleVerifier [0x0x7ff637017279+114137]\n\tGetHandleVerifier [0x0x7ff636ffdf78+10968]\n\tBaseThreadInitThunk [0x0x7ff9d99d259d+29]\n\tRtlUserThreadStart [0x0x7ff9da8caf78+40]\n"}} | headers=HTTPHeaderDict({'Content-Length': '1111', 'Content-Type': 'application/json; charset=utf-8', 'cache-control': 'no-cache'})
2025-10-02 15:04:06 [   DEBUG] remote_connection.py:467: Finished Request
2025-10-02 15:04:07 [   DEBUG] remote_connection.py:405: POST http://localhost:60791/session/6da467110d7e3e20d77ad973d7a88669/element {'using': 'xpath', 'value': "//button[@type='submit' and @data-cy='connect-button']"}
2025-10-02 15:04:07 [   DEBUG] connectionpool.py:544: http://localhost:60791 "POST /session/6da467110d7e3e20d77ad973d7a88669/element HTTP/1.1" 404 0
2025-10-02 15:04:07 [   DEBUG] remote_connection.py:438: Remote response: status=404 | data={"value":{"error":"no such element","message":"no such element: Unable to locate element: {\"method\":\"xpath\",\"selector\":\"//button[@type='submit' and @data-cy='connect-button']\"}\n  (Session info: chrome=140.0.7339.208)","stacktrace":"\tGetHandleVerifier [0x0x7ff6372a78d5+2802741]\n\tGetHandleVerifier [0x0x7ff63700eb70+79568]\n\t(No symbol) [0x0x7ff636dac0fa]\n\t(No symbol) [0x0x7ff636e02a96]\n\t(No symbol) [0x0x7ff636e02d4c]\n\t(No symbol) [0x0x7ff636e56017]\n\t(No symbol) [0x0x7ff636e2accf]\n\t(No symbol) [0x0x7ff636e52e24]\n\t(No symbol) [0x0x7ff636e2aa63]\n\t(No symbol) [0x0x7ff636df3c91]\n\t(No symbol) [0x0x7ff636df4a23]\n\tGetHandleVerifier [0x0x7ff6372d2ced+2979917]\n\tGetHandleVerifier [0x0x7ff6372cd0f3+2956371]\n\tGetHandleVerifier [0x0x7ff6372eacbd+3078173]\n\tGetHandleVerifier [0x0x7ff63702836e+184014]\n\tGetHandleVerifier [0x0x7ff63703024f+216495]\n\tGetHandleVerifier [0x0x7ff6370170c4+113700]\n\tGetHandleVerifier [0x0x7ff637017279+114137]\n\tGetHandleVerifier [0x0x7ff636ffdf78+10968]\n\tBaseThreadInitThunk [0x0x7ff9d99d259d+29]\n\tRtlUserThreadStart [0x0x7ff9da8caf78+40]\n"}} | headers=HTTPHeaderDict({'Content-Length': '1111', 'Content-Type': 'application/json; charset=utf-8', 'cache-control': 'no-cache'})
2025-10-02 15:04:07 [   DEBUG] remote_connection.py:467: Finished Request
2025-10-02 15:04:07 [   DEBUG] remote_connection.py:405: POST http://localhost:60791/session/6da467110d7e3e20d77ad973d7a88669/element {'using': 'xpath', 'value': "//button[@type='submit' and @data-cy='connect-button']"}
2025-10-02 15:04:07 [   DEBUG] connectionpool.py:544: http://localhost:60791 "POST /session/6da467110d7e3e20d77ad973d7a88669/element HTTP/1.1" 404 0
2025-10-02 15:04:07 [   DEBUG] remote_connection.py:438: Remote response: status=404 | data={"value":{"error":"no such element","message":"no such element: Unable to locate element: {\"method\":\"xpath\",\"selector\":\"//button[@type='submit' and @data-cy='connect-button']\"}\n  (Session info: chrome=140.0.7339.208)","stacktrace":"\tGetHandleVerifier [0x0x7ff6372a78d5+2802741]\n\tGetHandleVerifier [0x0x7ff63700eb70+79568]\n\t(No symbol) [0x0x7ff636dac0fa]\n\t(No symbol) [0x0x7ff636e02a96]\n\t(No symbol) [0x0x7ff636e02d4c]\n\t(No symbol) [0x0x7ff636e56017]\n\t(No symbol) [0x0x7ff636e2accf]\n\t(No symbol) [0x0x7ff636e52e24]\n\t(No symbol) [0x0x7ff636e2aa63]\n\t(No symbol) [0x0x7ff636df3c91]\n\t(No symbol) [0x0x7ff636df4a23]\n\tGetHandleVerifier [0x0x7ff6372d2ced+2979917]\n\tGetHandleVerifier [0x0x7ff6372cd0f3+2956371]\n\tGetHandleVerifier [0x0x7ff6372eacbd+3078173]\n\tGetHandleVerifier [0x0x7ff63702836e+184014]\n\tGetHandleVerifier [0x0x7ff63703024f+216495]\n\tGetHandleVerifier [0x0x7ff6370170c4+113700]\n\tGetHandleVerifier [0x0x7ff637017279+114137]\n\tGetHandleVerifier [0x0x7ff636ffdf78+10968]\n\tBaseThreadInitThunk [0x0x7ff9d99d259d+29]\n\tRtlUserThreadStart [0x0x7ff9da8caf78+40]\n"}} | headers=HTTPHeaderDict({'Content-Length': '1111', 'Content-Type': 'application/json; charset=utf-8', 'cache-control': 'no-cache'})
2025-10-02 15:04:07 [   DEBUG] remote_connection.py:467: Finished Request
2025-10-02 15:04:08 [   DEBUG] remote_connection.py:405: POST http://localhost:60791/session/6da467110d7e3e20d77ad973d7a88669/element {'using': 'xpath', 'value': "//button[@type='submit' and @data-cy='connect-button']"}
2025-10-02 15:04:08 [   DEBUG] connectionpool.py:544: http://localhost:60791 "POST /session/6da467110d7e3e20d77ad973d7a88669/element HTTP/1.1" 404 0
2025-10-02 15:04:08 [   DEBUG] remote_connection.py:438: Remote response: status=404 | data={"value":{"error":"no such element","message":"no such element: Unable to locate element: {\"method\":\"xpath\",\"selector\":\"//button[@type='submit' and @data-cy='connect-button']\"}\n  (Session info: chrome=140.0.7339.208)","stacktrace":"\tGetHandleVerifier [0x0x7ff6372a78d5+2802741]\n\tGetHandleVerifier [0x0x7ff63700eb70+79568]\n\t(No symbol) [0x0x7ff636dac0fa]\n\t(No symbol) [0x0x7ff636e02a96]\n\t(No symbol) [0x0x7ff636e02d4c]\n\t(No symbol) [0x0x7ff636e56017]\n\t(No symbol) [0x0x7ff636e2accf]\n\t(No symbol) [0x0x7ff636e52e24]\n\t(No symbol) [0x0x7ff636e2aa63]\n\t(No symbol) [0x0x7ff636df3c91]\n\t(No symbol) [0x0x7ff636df4a23]\n\tGetHandleVerifier [0x0x7ff6372d2ced+2979917]\n\tGetHandleVerifier [0x0x7ff6372cd0f3+2956371]\n\tGetHandleVerifier [0x0x7ff6372eacbd+3078173]\n\tGetHandleVerifier [0x0x7ff63702836e+184014]\n\tGetHandleVerifier [0x0x7ff63703024f+216495]\n\tGetHandleVerifier [0x0x7ff6370170c4+113700]\n\tGetHandleVerifier [0x0x7ff637017279+114137]\n\tGetHandleVerifier [0x0x7ff636ffdf78+10968]\n\tBaseThreadInitThunk [0x0x7ff9d99d259d+29]\n\tRtlUserThreadStart [0x0x7ff9da8caf78+40]\n"}} | headers=HTTPHeaderDict({'Content-Length': '1111', 'Content-Type': 'application/json; charset=utf-8', 'cache-control': 'no-cache'})
2025-10-02 15:04:08 [   DEBUG] remote_connection.py:467: Finished Request
2025-10-02 15:04:08 [   DEBUG] remote_connection.py:405: POST http://localhost:60791/session/6da467110d7e3e20d77ad973d7a88669/element {'using': 'xpath', 'value': "//button[@type='submit' and @data-cy='connect-button']"}
2025-10-02 15:04:08 [   DEBUG] connectionpool.py:544: http://localhost:60791 "POST /session/6da467110d7e3e20d77ad973d7a88669/element HTTP/1.1" 404 0
2025-10-02 15:04:08 [   DEBUG] remote_connection.py:438: Remote response: status=404 | data={"value":{"error":"no such element","message":"no such element: Unable to locate element: {\"method\":\"xpath\",\"selector\":\"//button[@type='submit' and @data-cy='connect-button']\"}\n  (Session info: chrome=140.0.7339.208)","stacktrace":"\tGetHandleVerifier [0x0x7ff6372a78d5+2802741]\n\tGetHandleVerifier [0x0x7ff63700eb70+79568]\n\t(No symbol) [0x0x7ff636dac0fa]\n\t(No symbol) [0x0x7ff636e02a96]\n\t(No symbol) [0x0x7ff636e02d4c]\n\t(No symbol) [0x0x7ff636e56017]\n\t(No symbol) [0x0x7ff636e2accf]\n\t(No symbol) [0x0x7ff636e52e24]\n\t(No symbol) [0x0x7ff636e2aa63]\n\t(No symbol) [0x0x7ff636df3c91]\n\t(No symbol) [0x0x7ff636df4a23]\n\tGetHandleVerifier [0x0x7ff6372d2ced+2979917]\n\tGetHandleVerifier [0x0x7ff6372cd0f3+2956371]\n\tGetHandleVerifier [0x0x7ff6372eacbd+3078173]\n\tGetHandleVerifier [0x0x7ff63702836e+184014]\n\tGetHandleVerifier [0x0x7ff63703024f+216495]\n\tGetHandleVerifier [0x0x7ff6370170c4+113700]\n\tGetHandleVerifier [0x0x7ff637017279+114137]\n\tGetHandleVerifier [0x0x7ff636ffdf78+10968]\n\tBaseThreadInitThunk [0x0x7ff9d99d259d+29]\n\tRtlUserThreadStart [0x0x7ff9da8caf78+40]\n"}} | headers=HTTPHeaderDict({'Content-Length': '1111', 'Content-Type': 'application/json; charset=utf-8', 'cache-control': 'no-cache'})
2025-10-02 15:04:08 [   DEBUG] remote_connection.py:467: Finished Request
2025-10-02 15:04:09 [   DEBUG] remote_connection.py:405: POST http://localhost:60791/session/6da467110d7e3e20d77ad973d7a88669/element {'using': 'xpath', 'value': "//button[@type='submit' and @data-cy='connect-button']"}
2025-10-02 15:04:09 [   DEBUG] connectionpool.py:544: http://localhost:60791 "POST /session/6da467110d7e3e20d77ad973d7a88669/element HTTP/1.1" 404 0
2025-10-02 15:04:09 [   DEBUG] remote_connection.py:438: Remote response: status=404 | data={"value":{"error":"no such element","message":"no such element: Unable to locate element: {\"method\":\"xpath\",\"selector\":\"//button[@type='submit' and @data-cy='connect-button']\"}\n  (Session info: chrome=140.0.7339.208)","stacktrace":"\tGetHandleVerifier [0x0x7ff6372a78d5+2802741]\n\tGetHandleVerifier [0x0x7ff63700eb70+79568]\n\t(No symbol) [0x0x7ff636dac0fa]\n\t(No symbol) [0x0x7ff636e02a96]\n\t(No symbol) [0x0x7ff636e02d4c]\n\t(No symbol) [0x0x7ff636e56017]\n\t(No symbol) [0x0x7ff636e2accf]\n\t(No symbol) [0x0x7ff636e52e24]\n\t(No symbol) [0x0x7ff636e2aa63]\n\t(No symbol) [0x0x7ff636df3c91]\n\t(No symbol) [0x0x7ff636df4a23]\n\tGetHandleVerifier [0x0x7ff6372d2ced+2979917]\n\tGetHandleVerifier [0x0x7ff6372cd0f3+2956371]\n\tGetHandleVerifier [0x0x7ff6372eacbd+3078173]\n\tGetHandleVerifier [0x0x7ff63702836e+184014]\n\tGetHandleVerifier [0x0x7ff63703024f+216495]\n\tGetHandleVerifier [0x0x7ff6370170c4+113700]\n\tGetHandleVerifier [0x0x7ff637017279+114137]\n\tGetHandleVerifier [0x0x7ff636ffdf78+10968]\n\tBaseThreadInitThunk [0x0x7ff9d99d259d+29]\n\tRtlUserThreadStart [0x0x7ff9da8caf78+40]\n"}} | headers=HTTPHeaderDict({'Content-Length': '1111', 'Content-Type': 'application/json; charset=utf-8', 'cache-control': 'no-cache'})
2025-10-02 15:04:09 [   DEBUG] remote_connection.py:467: Finished Request
2025-10-02 15:04:09 [   DEBUG] remote_connection.py:405: POST http://localhost:60791/session/6da467110d7e3e20d77ad973d7a88669/element {'using': 'xpath', 'value': "//button[@type='submit' and @data-cy='connect-button']"}
2025-10-02 15:04:09 [   DEBUG] connectionpool.py:544: http://localhost:60791 "POST /session/6da467110d7e3e20d77ad973d7a88669/element HTTP/1.1" 404 0
2025-10-02 15:04:09 [   DEBUG] remote_connection.py:438: Remote response: status=404 | data={"value":{"error":"no such element","message":"no such element: Unable to locate element: {\"method\":\"xpath\",\"selector\":\"//button[@type='submit' and @data-cy='connect-button']\"}\n  (Session info: chrome=140.0.7339.208)","stacktrace":"\tGetHandleVerifier [0x0x7ff6372a78d5+2802741]\n\tGetHandleVerifier [0x0x7ff63700eb70+79568]\n\t(No symbol) [0x0x7ff636dac0fa]\n\t(No symbol) [0x0x7ff636e02a96]\n\t(No symbol) [0x0x7ff636e02d4c]\n\t(No symbol) [0x0x7ff636e56017]\n\t(No symbol) [0x0x7ff636e2accf]\n\t(No symbol) [0x0x7ff636e52e24]\n\t(No symbol) [0x0x7ff636e2aa63]\n\t(No symbol) [0x0x7ff636df3c91]\n\t(No symbol) [0x0x7ff636df4a23]\n\tGetHandleVerifier [0x0x7ff6372d2ced+2979917]\n\tGetHandleVerifier [0x0x7ff6372cd0f3+2956371]\n\tGetHandleVerifier [0x0x7ff6372eacbd+3078173]\n\tGetHandleVerifier [0x0x7ff63702836e+184014]\n\tGetHandleVerifier [0x0x7ff63703024f+216495]\n\tGetHandleVerifier [0x0x7ff6370170c4+113700]\n\tGetHandleVerifier [0x0x7ff637017279+114137]\n\tGetHandleVerifier [0x0x7ff636ffdf78+10968]\n\tBaseThreadInitThunk [0x0x7ff9d99d259d+29]\n\tRtlUserThreadStart [0x0x7ff9da8caf78+40]\n"}} | headers=HTTPHeaderDict({'Content-Length': '1111', 'Content-Type': 'application/json; charset=utf-8', 'cache-control': 'no-cache'})
2025-10-02 15:04:09 [   DEBUG] remote_connection.py:467: Finished Request
2025-10-02 15:04:10 [   DEBUG] remote_connection.py:405: POST http://localhost:60791/session/6da467110d7e3e20d77ad973d7a88669/element {'using': 'xpath', 'value': "//button[@type='submit' and @data-cy='connect-button']"}
2025-10-02 15:04:10 [   DEBUG] connectionpool.py:544: http://localhost:60791 "POST /session/6da467110d7e3e20d77ad973d7a88669/element HTTP/1.1" 404 0
2025-10-02 15:04:10 [   DEBUG] remote_connection.py:438: Remote response: status=404 | data={"value":{"error":"no such element","message":"no such element: Unable to locate element: {\"method\":\"xpath\",\"selector\":\"//button[@type='submit' and @data-cy='connect-button']\"}\n  (Session info: chrome=140.0.7339.208)","stacktrace":"\tGetHandleVerifier [0x0x7ff6372a78d5+2802741]\n\tGetHandleVerifier [0x0x7ff63700eb70+79568]\n\t(No symbol) [0x0x7ff636dac0fa]\n\t(No symbol) [0x0x7ff636e02a96]\n\t(No symbol) [0x0x7ff636e02d4c]\n\t(No symbol) [0x0x7ff636e56017]\n\t(No symbol) [0x0x7ff636e2accf]\n\t(No symbol) [0x0x7ff636e52e24]\n\t(No symbol) [0x0x7ff636e2aa63]\n\t(No symbol) [0x0x7ff636df3c91]\n\t(No symbol) [0x0x7ff636df4a23]\n\tGetHandleVerifier [0x0x7ff6372d2ced+2979917]\n\tGetHandleVerifier [0x0x7ff6372cd0f3+2956371]\n\tGetHandleVerifier [0x0x7ff6372eacbd+3078173]\n\tGetHandleVerifier [0x0x7ff63702836e+184014]\n\tGetHandleVerifier [0x0x7ff63703024f+216495]\n\tGetHandleVerifier [0x0x7ff6370170c4+113700]\n\tGetHandleVerifier [0x0x7ff637017279+114137]\n\tGetHandleVerifier [0x0x7ff636ffdf78+10968]\n\tBaseThreadInitThunk [0x0x7ff9d99d259d+29]\n\tRtlUserThreadStart [0x0x7ff9da8caf78+40]\n"}} | headers=HTTPHeaderDict({'Content-Length': '1111', 'Content-Type': 'application/json; charset=utf-8', 'cache-control': 'no-cache'})
2025-10-02 15:04:10 [   DEBUG] remote_connection.py:467: Finished Request
2025-10-02 15:04:10 [   DEBUG] remote_connection.py:405: POST http://localhost:60791/session/6da467110d7e3e20d77ad973d7a88669/element {'using': 'xpath', 'value': "//button[@type='submit' and @data-cy='connect-button']"}
2025-10-02 15:04:10 [   DEBUG] connectionpool.py:544: http://localhost:60791 "POST /session/6da467110d7e3e20d77ad973d7a88669/element HTTP/1.1" 404 0
2025-10-02 15:04:10 [   DEBUG] remote_connection.py:438: Remote response: status=404 | data={"value":{"error":"no such element","message":"no such element: Unable to locate element: {\"method\":\"xpath\",\"selector\":\"//button[@type='submit' and @data-cy='connect-button']\"}\n  (Session info: chrome=140.0.7339.208)","stacktrace":"\tGetHandleVerifier [0x0x7ff6372a78d5+2802741]\n\tGetHandleVerifier [0x0x7ff63700eb70+79568]\n\t(No symbol) [0x0x7ff636dac0fa]\n\t(No symbol) [0x0x7ff636e02a96]\n\t(No symbol) [0x0x7ff636e02d4c]\n\t(No symbol) [0x0x7ff636e56017]\n\t(No symbol) [0x0x7ff636e2accf]\n\t(No symbol) [0x0x7ff636e52e24]\n\t(No symbol) [0x0x7ff636e2aa63]\n\t(No symbol) [0x0x7ff636df3c91]\n\t(No symbol) [0x0x7ff636df4a23]\n\tGetHandleVerifier [0x0x7ff6372d2ced+2979917]\n\tGetHandleVerifier [0x0x7ff6372cd0f3+2956371]\n\tGetHandleVerifier [0x0x7ff6372eacbd+3078173]\n\tGetHandleVerifier [0x0x7ff63702836e+184014]\n\tGetHandleVerifier [0x0x7ff63703024f+216495]\n\tGetHandleVerifier [0x0x7ff6370170c4+113700]\n\tGetHandleVerifier [0x0x7ff637017279+114137]\n\tGetHandleVerifier [0x0x7ff636ffdf78+10968]\n\tBaseThreadInitThunk [0x0x7ff9d99d259d+29]\n\tRtlUserThreadStart [0x0x7ff9da8caf78+40]\n"}} | headers=HTTPHeaderDict({'Content-Length': '1111', 'Content-Type': 'application/json; charset=utf-8', 'cache-control': 'no-cache'})
2025-10-02 15:04:10 [   DEBUG] remote_connection.py:467: Finished Request
2025-10-02 15:04:11 [   DEBUG] remote_connection.py:405: POST http://localhost:60791/session/6da467110d7e3e20d77ad973d7a88669/element {'using': 'xpath', 'value': "//button[@type='submit' and @data-cy='connect-button']"}
2025-10-02 15:04:11 [   DEBUG] connectionpool.py:544: http://localhost:60791 "POST /session/6da467110d7e3e20d77ad973d7a88669/element HTTP/1.1" 404 0
2025-10-02 15:04:11 [   DEBUG] remote_connection.py:438: Remote response: status=404 | data={"value":{"error":"no such element","message":"no such element: Unable to locate element: {\"method\":\"xpath\",\"selector\":\"//button[@type='submit' and @data-cy='connect-button']\"}\n  (Session info: chrome=140.0.7339.208)","stacktrace":"\tGetHandleVerifier [0x0x7ff6372a78d5+2802741]\n\tGetHandleVerifier [0x0x7ff63700eb70+79568]\n\t(No symbol) [0x0x7ff636dac0fa]\n\t(No symbol) [0x0x7ff636e02a96]\n\t(No symbol) [0x0x7ff636e02d4c]\n\t(No symbol) [0x0x7ff636e56017]\n\t(No symbol) [0x0x7ff636e2accf]\n\t(No symbol) [0x0x7ff636e52e24]\n\t(No symbol) [0x0x7ff636e2aa63]\n\t(No symbol) [0x0x7ff636df3c91]\n\t(No symbol) [0x0x7ff636df4a23]\n\tGetHandleVerifier [0x0x7ff6372d2ced+2979917]\n\tGetHandleVerifier [0x0x7ff6372cd0f3+2956371]\n\tGetHandleVerifier [0x0x7ff6372eacbd+3078173]\n\tGetHandleVerifier [0x0x7ff63702836e+184014]\n\tGetHandleVerifier [0x0x7ff63703024f+216495]\n\tGetHandleVerifier [0x0x7ff6370170c4+113700]\n\tGetHandleVerifier [0x0x7ff637017279+114137]\n\tGetHandleVerifier [0x0x7ff636ffdf78+10968]\n\tBaseThreadInitThunk [0x0x7ff9d99d259d+29]\n\tRtlUserThreadStart [0x0x7ff9da8caf78+40]\n"}} | headers=HTTPHeaderDict({'Content-Length': '1111', 'Content-Type': 'application/json; charset=utf-8', 'cache-control': 'no-cache'})
2025-10-02 15:04:11 [   DEBUG] remote_connection.py:467: Finished Request
2025-10-02 15:04:11 [   DEBUG] remote_connection.py:405: POST http://localhost:60791/session/6da467110d7e3e20d77ad973d7a88669/element {'using': 'xpath', 'value': "//button[@type='submit' and @data-cy='connect-button']"}
2025-10-02 15:04:11 [   DEBUG] connectionpool.py:544: http://localhost:60791 "POST /session/6da467110d7e3e20d77ad973d7a88669/element HTTP/1.1" 404 0
2025-10-02 15:04:11 [   DEBUG] remote_connection.py:438: Remote response: status=404 | data={"value":{"error":"no such element","message":"no such element: Unable to locate element: {\"method\":\"xpath\",\"selector\":\"//button[@type='submit' and @data-cy='connect-button']\"}\n  (Session info: chrome=140.0.7339.208)","stacktrace":"\tGetHandleVerifier [0x0x7ff6372a78d5+2802741]\n\tGetHandleVerifier [0x0x7ff63700eb70+79568]\n\t(No symbol) [0x0x7ff636dac0fa]\n\t(No symbol) [0x0x7ff636e02a96]\n\t(No symbol) [0x0x7ff636e02d4c]\n\t(No symbol) [0x0x7ff636e56017]\n\t(No symbol) [0x0x7ff636e2accf]\n\t(No symbol) [0x0x7ff636e52e24]\n\t(No symbol) [0x0x7ff636e2aa63]\n\t(No symbol) [0x0x7ff636df3c91]\n\t(No symbol) [0x0x7ff636df4a23]\n\tGetHandleVerifier [0x0x7ff6372d2ced+2979917]\n\tGetHandleVerifier [0x0x7ff6372cd0f3+2956371]\n\tGetHandleVerifier [0x0x7ff6372eacbd+3078173]\n\tGetHandleVerifier [0x0x7ff63702836e+184014]\n\tGetHandleVerifier [0x0x7ff63703024f+216495]\n\tGetHandleVerifier [0x0x7ff6370170c4+113700]\n\tGetHandleVerifier [0x0x7ff637017279+114137]\n\tGetHandleVerifier [0x0x7ff636ffdf78+10968]\n\tBaseThreadInitThunk [0x0x7ff9d99d259d+29]\n\tRtlUserThreadStart [0x0x7ff9da8caf78+40]\n"}} | headers=HTTPHeaderDict({'Content-Length': '1111', 'Content-Type': 'application/json; charset=utf-8', 'cache-control': 'no-cache'})
2025-10-02 15:04:11 [   DEBUG] remote_connection.py:467: Finished Request
2025-10-02 15:04:12 [   DEBUG] remote_connection.py:405: POST http://localhost:60791/session/6da467110d7e3e20d77ad973d7a88669/element {'using': 'xpath', 'value': "//button[@type='submit' and @data-cy='connect-button']"}
2025-10-02 15:04:12 [   DEBUG] connectionpool.py:544: http://localhost:60791 "POST /session/6da467110d7e3e20d77ad973d7a88669/element HTTP/1.1" 404 0
2025-10-02 15:04:12 [   DEBUG] remote_connection.py:438: Remote response: status=404 | data={"value":{"error":"no such element","message":"no such element: Unable to locate element: {\"method\":\"xpath\",\"selector\":\"//button[@type='submit' and @data-cy='connect-button']\"}\n  (Session info: chrome=140.0.7339.208)","stacktrace":"\tGetHandleVerifier [0x0x7ff6372a78d5+2802741]\n\tGetHandleVerifier [0x0x7ff63700eb70+79568]\n\t(No symbol) [0x0x7ff636dac0fa]\n\t(No symbol) [0x0x7ff636e02a96]\n\t(No symbol) [0x0x7ff636e02d4c]\n\t(No symbol) [0x0x7ff636e56017]\n\t(No symbol) [0x0x7ff636e2accf]\n\t(No symbol) [0x0x7ff636e52e24]\n\t(No symbol) [0x0x7ff636e2aa63]\n\t(No symbol) [0x0x7ff636df3c91]\n\t(No symbol) [0x0x7ff636df4a23]\n\tGetHandleVerifier [0x0x7ff6372d2ced+2979917]\n\tGetHandleVerifier [0x0x7ff6372cd0f3+2956371]\n\tGetHandleVerifier [0x0x7ff6372eacbd+3078173]\n\tGetHandleVerifier [0x0x7ff63702836e+184014]\n\tGetHandleVerifier [0x0x7ff63703024f+216495]\n\tGetHandleVerifier [0x0x7ff6370170c4+113700]\n\tGetHandleVerifier [0x0x7ff637017279+114137]\n\tGetHandleVerifier [0x0x7ff636ffdf78+10968]\n\tBaseThreadInitThunk [0x0x7ff9d99d259d+29]\n\tRtlUserThreadStart [0x0x7ff9da8caf78+40]\n"}} | headers=HTTPHeaderDict({'Content-Length': '1111', 'Content-Type': 'application/json; charset=utf-8', 'cache-control': 'no-cache'})
2025-10-02 15:04:12 [   DEBUG] remote_connection.py:467: Finished Request
2025-10-02 15:04:12 [   DEBUG] remote_connection.py:405: POST http://localhost:60791/session/6da467110d7e3e20d77ad973d7a88669/element {'using': 'xpath', 'value': "//button[@type='submit' and @data-cy='connect-button']"}
2025-10-02 15:04:12 [   DEBUG] connectionpool.py:544: http://localhost:60791 "POST /session/6da467110d7e3e20d77ad973d7a88669/element HTTP/1.1" 200 0
2025-10-02 15:04:12 [   DEBUG] remote_connection.py:438: Remote response: status=200 | data={"value":{"element-6066-11e4-a52e-4f735466cecf":"f.DC16557365C56DAA29B164B083E2B26C.d.CD433553138585048B6052CD53C8ADBB.e.11"}} | headers=HTTPHeaderDict({'Content-Length': '126', 'Content-Type': 'application/json; charset=utf-8', 'cache-control': 'no-cache'})
2025-10-02 15:04:12 [   DEBUG] remote_connection.py:467: Finished Request
2025-10-02 15:04:12 [   DEBUG] remote_connection.py:405: POST http://localhost:60791/session/6da467110d7e3e20d77ad973d7a88669/execute/sync {'script': '/* isDisplayed */return (function(){return (function(){var g=this||self;\nfunction aa(a){var b=typeof...', 'args': [{'element-6066-11e4-a52e-4f735466cecf': 'f.DC16557365C56DAA29B164B083E2B26C.d.CD433553138585048B6052CD53C8ADBB.e.11'}]}
2025-10-02 15:04:13 [   DEBUG] connectionpool.py:544: http://localhost:60791 "POST /session/6da467110d7e3e20d77ad973d7a88669/execute/sync HTTP/1.1" 200 0
2025-10-02 15:04:13 [   DEBUG] remote_connection.py:438: Remote response: status=200 | data={"value":true} | headers=HTTPHeaderDict({'Content-Length': '14', 'Content-Type': 'application/json; charset=utf-8', 'cache-control': 'no-cache'})
2025-10-02 15:04:13 [   DEBUG] remote_connection.py:467: Finished Request
2025-10-02 15:04:13 [   DEBUG] remote_connection.py:405: GET http://localhost:60791/session/6da467110d7e3e20d77ad973d7a88669/element/f.DC16557365C56DAA29B164B083E2B26C.d.CD433553138585048B6052CD53C8ADBB.e.11/enabled {}
2025-10-02 15:04:13 [   DEBUG] connectionpool.py:544: http://localhost:60791 "GET /session/6da467110d7e3e20d77ad973d7a88669/element/f.DC16557365C56DAA29B164B083E2B26C.d.CD433553138585048B6052CD53C8ADBB.e.11/enabled HTTP/1.1" 200 0
2025-10-02 15:04:13 [   DEBUG] remote_connection.py:438: Remote response: status=200 | data={"value":true} | headers=HTTPHeaderDict({'Content-Length': '14', 'Content-Type': 'application/json; charset=utf-8', 'cache-control': 'no-cache'})
2025-10-02 15:04:13 [   DEBUG] remote_connection.py:467: Finished Request
2025-10-02 15:04:13 [   DEBUG] base_page.py:79: Элемент кликабелен: ('xpath', "//button[@type='submit' and @data-cy='connect-button']")
2025-10-02 15:04:13 [   DEBUG] remote_connection.py:405: POST http://localhost:60791/session/6da467110d7e3e20d77ad973d7a88669/element/f.DC16557365C56DAA29B164B083E2B26C.d.CD433553138585048B6052CD53C8ADBB.e.11/click {}
2025-10-02 15:04:13 [   DEBUG] connectionpool.py:544: http://localhost:60791 "POST /session/6da467110d7e3e20d77ad973d7a88669/element/f.DC16557365C56DAA29B164B083E2B26C.d.CD433553138585048B6052CD53C8ADBB.e.11/click HTTP/1.1" 200 0
2025-10-02 15:04:13 [   DEBUG] remote_connection.py:438: Remote response: status=200 | data={"value":null} | headers=HTTPHeaderDict({'Content-Length': '14', 'Content-Type': 'application/json; charset=utf-8', 'cache-control': 'no-cache'})
2025-10-02 15:04:13 [   DEBUG] remote_connection.py:467: Finished Request
2025-10-02 15:04:13 [   DEBUG] base_page.py:166: Клик выполнен: ('xpath', "//button[@type='submit' and @data-cy='connect-button']")
2025-10-02 15:04:13 [   DEBUG] remote_connection.py:405: POST http://localhost:60791/session/6da467110d7e3e20d77ad973d7a88669/execute/sync {'script': '\n        var videoElement = document.querySelector(\'video[data-cy="remote-video"]\');\n        return ...', 'args': []}
2025-10-02 15:04:13 [   DEBUG] connectionpool.py:544: http://localhost:60791 "POST /session/6da467110d7e3e20d77ad973d7a88669/execute/sync HTTP/1.1" 200 0
2025-10-02 15:04:13 [   DEBUG] remote_connection.py:438: Remote response: status=200 | data={"value":false} | headers=HTTPHeaderDict({'Content-Length': '15', 'Content-Type': 'application/json; charset=utf-8', 'cache-control': 'no-cache'})
2025-10-02 15:04:13 [   DEBUG] remote_connection.py:467: Finished Request
2025-10-02 15:04:13 [   DEBUG] remote_connection.py:405: POST http://localhost:60791/session/6da467110d7e3e20d77ad973d7a88669/execute/sync {'script': '\n        var videoElement = document.querySelector(\'video[data-cy="remote-video"]\');\n        return ...', 'args': []}
2025-10-02 15:04:13 [   DEBUG] connectionpool.py:544: http://localhost:60791 "POST /session/6da467110d7e3e20d77ad973d7a88669/execute/sync HTTP/1.1" 200 0
2025-10-02 15:04:13 [   DEBUG] remote_connection.py:438: Remote response: status=200 | data={"value":true} | headers=HTTPHeaderDict({'Content-Length': '14', 'Content-Type': 'application/json; charset=utf-8', 'cache-control': 'no-cache'})
2025-10-02 15:04:13 [   DEBUG] remote_connection.py:467: Finished Request
2025-10-02 15:04:13 [    INFO] conftest.py:170: Стрим запущен
2025-10-02 15:04:15 [    INFO] helpers.py:22: 🔄 Начало: Проверка отображения кнопки STOP
2025-10-02 15:04:15 [   DEBUG] remote_connection.py:405: POST http://localhost:60791/session/6da467110d7e3e20d77ad973d7a88669/element {'using': 'xpath', 'value': "//button[.//span[text()='Stop']]"}
2025-10-02 15:04:15 [   DEBUG] connectionpool.py:544: http://localhost:60791 "POST /session/6da467110d7e3e20d77ad973d7a88669/element HTTP/1.1" 200 0
2025-10-02 15:04:15 [   DEBUG] remote_connection.py:438: Remote response: status=200 | data={"value":{"element-6066-11e4-a52e-4f735466cecf":"f.DC16557365C56DAA29B164B083E2B26C.d.CD433553138585048B6052CD53C8ADBB.e.13"}} | headers=HTTPHeaderDict({'Content-Length': '126', 'Content-Type': 'application/json; charset=utf-8', 'cache-control': 'no-cache'})
2025-10-02 15:04:15 [   DEBUG] remote_connection.py:467: Finished Request
2025-10-02 15:04:15 [    INFO] helpers.py:32: ✅ Завершен: Проверка отображения кнопки STOP (0.03с)
2025-10-02 15:04:15 [    INFO] helpers.py:22: 🔄 Начало: Проверка наличия аудиопотока
2025-10-02 15:04:15 [   DEBUG] remote_connection.py:405: POST http://localhost:60791/session/6da467110d7e3e20d77ad973d7a88669/execute/sync {'script': '\n            var videoElement = document.querySelector(\'video[data-cy="remote-video"]\');\n           ...', 'args': []}
2025-10-02 15:04:15 [   DEBUG] connectionpool.py:544: http://localhost:60791 "POST /session/6da467110d7e3e20d77ad973d7a88669/execute/sync HTTP/1.1" 200 0
2025-10-02 15:04:15 [   DEBUG] remote_connection.py:438: Remote response: status=200 | data={"value":true} | headers=HTTPHeaderDict({'Content-Length': '14', 'Content-Type': 'application/json; charset=utf-8', 'cache-control': 'no-cache'})
2025-10-02 15:04:15 [   DEBUG] remote_connection.py:467: Finished Request
2025-10-02 15:04:15 [    INFO] helpers.py:32: ✅ Завершен: Проверка наличия аудиопотока (0.00с)
2025-10-02 15:04:15 [    INFO] helpers.py:22: 🔄 Начало: Проверка наличия видиопотока
2025-10-02 15:04:15 [   DEBUG] remote_connection.py:405: POST http://localhost:60791/session/6da467110d7e3e20d77ad973d7a88669/execute/sync {'script': '\n            var videoElement = document.querySelector(\'video[data-cy="remote-video"]\');\n           ...', 'args': []}
2025-10-02 15:04:15 [   DEBUG] connectionpool.py:544: http://localhost:60791 "POST /session/6da467110d7e3e20d77ad973d7a88669/execute/sync HTTP/1.1" 200 0
2025-10-02 15:04:15 [   DEBUG] remote_connection.py:438: Remote response: status=200 | data={"value":true} | headers=HTTPHeaderDict({'Content-Length': '14', 'Content-Type': 'application/json; charset=utf-8', 'cache-control': 'no-cache'})
2025-10-02 15:04:15 [   DEBUG] remote_connection.py:467: Finished Request
2025-10-02 15:04:15 [    INFO] helpers.py:32: ✅ Завершен: Проверка наличия видиопотока (0.01с)
2025-10-02 15:04:15 [    INFO] helpers.py:22: 🔄 Начало: Проверка значка кнопки STOP
2025-10-02 15:04:15 [   DEBUG] remote_connection.py:405: POST http://localhost:60791/session/6da467110d7e3e20d77ad973d7a88669/element {'using': 'xpath', 'value': "//button[.//span[text()='Stop']]"}
2025-10-02 15:04:16 [   DEBUG] connectionpool.py:544: http://localhost:60791 "POST /session/6da467110d7e3e20d77ad973d7a88669/element HTTP/1.1" 200 0
2025-10-02 15:04:16 [   DEBUG] remote_connection.py:438: Remote response: status=200 | data={"value":{"element-6066-11e4-a52e-4f735466cecf":"f.DC16557365C56DAA29B164B083E2B26C.d.CD433553138585048B6052CD53C8ADBB.e.13"}} | headers=HTTPHeaderDict({'Content-Length': '126', 'Content-Type': 'application/json; charset=utf-8', 'cache-control': 'no-cache'})
2025-10-02 15:04:16 [   DEBUG] remote_connection.py:467: Finished Request
2025-10-02 15:04:16 [   DEBUG] remote_connection.py:405: POST http://localhost:60791/session/6da467110d7e3e20d77ad973d7a88669/execute/sync {'script': '/* getAttribute */return (function(){return (function(){var d=this||self;function f(a,b){function c(...', 'args': [{'element-6066-11e4-a52e-4f735466cecf': 'f.DC16557365C56DAA29B164B083E2B26C.d.CD433553138585048B6052CD53C8ADBB.e.13'}, 'class']}
2025-10-02 15:04:16 [   DEBUG] connectionpool.py:544: http://localhost:60791 "POST /session/6da467110d7e3e20d77ad973d7a88669/execute/sync HTTP/1.1" 200 0
2025-10-02 15:04:16 [   DEBUG] remote_connection.py:438: Remote response: status=200 | data={"value":"d-flex border-0 outline-none base-button align-items-center justify-content-center custom-button flex-1 active-button"} | headers=HTTPHeaderDict({'Content-Length': '129', 'Content-Type': 'application/json; charset=utf-8', 'cache-control': 'no-cache'})
2025-10-02 15:04:16 [   DEBUG] remote_connection.py:467: Finished Request
2025-10-02 15:04:16 [    INFO] helpers.py:32: ✅ Завершен: Проверка значка кнопки STOP (0.03с)
2025-10-02 15:04:16 [    INFO] helpers.py:22: 🔄 Начало: Проверка отображения WebGuest в VT  - состояние: ВКЛ.
2025-10-02 15:04:17 [    INFO] helpers.py:32: ✅ Завершен: Проверка отображения WebGuest в VT  - состояние: ВКЛ. (1.22с)
2025-10-02 15:04:17 [    INFO] helpers.py:22: 🔄 Начало: Остановка трансляции
2025-10-02 15:04:17 [   DEBUG] remote_connection.py:405: POST http://localhost:60791/session/6da467110d7e3e20d77ad973d7a88669/element {'using': 'xpath', 'value': "//button[.//span[text()='Stop']]"}
2025-10-02 15:04:17 [   DEBUG] connectionpool.py:544: http://localhost:60791 "POST /session/6da467110d7e3e20d77ad973d7a88669/element HTTP/1.1" 200 0
2025-10-02 15:04:17 [   DEBUG] remote_connection.py:438: Remote response: status=200 | data={"value":{"element-6066-11e4-a52e-4f735466cecf":"f.DC16557365C56DAA29B164B083E2B26C.d.CD433553138585048B6052CD53C8ADBB.e.13"}} | headers=HTTPHeaderDict({'Content-Length': '126', 'Content-Type': 'application/json; charset=utf-8', 'cache-control': 'no-cache'})
2025-10-02 15:04:17 [   DEBUG] remote_connection.py:467: Finished Request
2025-10-02 15:04:17 [   DEBUG] remote_connection.py:405: POST http://localhost:60791/session/6da467110d7e3e20d77ad973d7a88669/execute/sync {'script': '/* isDisplayed */return (function(){return (function(){var g=this||self;\nfunction aa(a){var b=typeof...', 'args': [{'element-6066-11e4-a52e-4f735466cecf': 'f.DC16557365C56DAA29B164B083E2B26C.d.CD433553138585048B6052CD53C8ADBB.e.13'}]}
2025-10-02 15:04:17 [   DEBUG] connectionpool.py:544: http://localhost:60791 "POST /session/6da467110d7e3e20d77ad973d7a88669/execute/sync HTTP/1.1" 200 0
2025-10-02 15:04:17 [   DEBUG] remote_connection.py:438: Remote response: status=200 | data={"value":true} | headers=HTTPHeaderDict({'Content-Length': '14', 'Content-Type': 'application/json; charset=utf-8', 'cache-control': 'no-cache'})
2025-10-02 15:04:17 [   DEBUG] remote_connection.py:467: Finished Request
2025-10-02 15:04:17 [   DEBUG] remote_connection.py:405: GET http://localhost:60791/session/6da467110d7e3e20d77ad973d7a88669/element/f.DC16557365C56DAA29B164B083E2B26C.d.CD433553138585048B6052CD53C8ADBB.e.13/enabled {}
2025-10-02 15:04:17 [   DEBUG] connectionpool.py:544: http://localhost:60791 "GET /session/6da467110d7e3e20d77ad973d7a88669/element/f.DC16557365C56DAA29B164B083E2B26C.d.CD433553138585048B6052CD53C8ADBB.e.13/enabled HTTP/1.1" 200 0
2025-10-02 15:04:17 [   DEBUG] remote_connection.py:438: Remote response: status=200 | data={"value":true} | headers=HTTPHeaderDict({'Content-Length': '14', 'Content-Type': 'application/json; charset=utf-8', 'cache-control': 'no-cache'})
2025-10-02 15:04:17 [   DEBUG] remote_connection.py:467: Finished Request
2025-10-02 15:04:17 [   DEBUG] base_page.py:79: Элемент кликабелен: ('xpath', "//button[.//span[text()='Stop']]")
2025-10-02 15:04:17 [   DEBUG] remote_connection.py:405: POST http://localhost:60791/session/6da467110d7e3e20d77ad973d7a88669/element/f.DC16557365C56DAA29B164B083E2B26C.d.CD433553138585048B6052CD53C8ADBB.e.13/click {}
2025-10-02 15:04:17 [   DEBUG] connectionpool.py:544: http://localhost:60791 "POST /session/6da467110d7e3e20d77ad973d7a88669/element/f.DC16557365C56DAA29B164B083E2B26C.d.CD433553138585048B6052CD53C8ADBB.e.13/click HTTP/1.1" 200 0
2025-10-02 15:04:17 [   DEBUG] remote_connection.py:438: Remote response: status=200 | data={"value":null} | headers=HTTPHeaderDict({'Content-Length': '14', 'Content-Type': 'application/json; charset=utf-8', 'cache-control': 'no-cache'})
2025-10-02 15:04:17 [   DEBUG] remote_connection.py:467: Finished Request
2025-10-02 15:04:17 [   DEBUG] base_page.py:166: Клик выполнен: ('xpath', "//button[.//span[text()='Stop']]")
2025-10-02 15:04:17 [    INFO] helpers.py:32: ✅ Завершен: Остановка трансляции (0.32с)
2025-10-02 15:04:17 [    INFO] helpers.py:22: 🔄 Начало: Проверка отсутствия аудиопотока
2025-10-02 15:04:17 [   DEBUG] remote_connection.py:405: POST http://localhost:60791/session/6da467110d7e3e20d77ad973d7a88669/execute/sync {'script': '\n            var videoElement = document.querySelector(\'video[data-cy="remote-video"]\');\n           ...', 'args': []}
2025-10-02 15:04:17 [   DEBUG] connectionpool.py:544: http://localhost:60791 "POST /session/6da467110d7e3e20d77ad973d7a88669/execute/sync HTTP/1.1" 200 0
2025-10-02 15:04:17 [   DEBUG] remote_connection.py:438: Remote response: status=200 | data={"value":false} | headers=HTTPHeaderDict({'Content-Length': '15', 'Content-Type': 'application/json; charset=utf-8', 'cache-control': 'no-cache'})
2025-10-02 15:04:17 [   DEBUG] remote_connection.py:467: Finished Request
2025-10-02 15:04:18 [   DEBUG] remote_connection.py:405: POST http://localhost:60791/session/6da467110d7e3e20d77ad973d7a88669/execute/sync {'script': '\n            var videoElement = document.querySelector(\'video[data-cy="remote-video"]\');\n           ...', 'args': []}
2025-10-02 15:04:18 [   DEBUG] connectionpool.py:544: http://localhost:60791 "POST /session/6da467110d7e3e20d77ad973d7a88669/execute/sync HTTP/1.1" 200 0
2025-10-02 15:04:18 [   DEBUG] remote_connection.py:438: Remote response: status=200 | data={"value":false} | headers=HTTPHeaderDict({'Content-Length': '15', 'Content-Type': 'application/json; charset=utf-8', 'cache-control': 'no-cache'})
2025-10-02 15:04:18 [   DEBUG] remote_connection.py:467: Finished Request
2025-10-02 15:04:18 [   DEBUG] remote_connection.py:405: POST http://localhost:60791/session/6da467110d7e3e20d77ad973d7a88669/execute/sync {'script': '\n            var videoElement = document.querySelector(\'video[data-cy="remote-video"]\');\n           ...', 'args': []}
2025-10-02 15:04:18 [   DEBUG] connectionpool.py:544: http://localhost:60791 "POST /session/6da467110d7e3e20d77ad973d7a88669/execute/sync HTTP/1.1" 200 0
2025-10-02 15:04:18 [   DEBUG] remote_connection.py:438: Remote response: status=200 | data={"value":false} | headers=HTTPHeaderDict({'Content-Length': '15', 'Content-Type': 'application/json; charset=utf-8', 'cache-control': 'no-cache'})
2025-10-02 15:04:18 [   DEBUG] remote_connection.py:467: Finished Request
2025-10-02 15:04:19 [   DEBUG] remote_connection.py:405: POST http://localhost:60791/session/6da467110d7e3e20d77ad973d7a88669/execute/sync {'script': '\n            var videoElement = document.querySelector(\'video[data-cy="remote-video"]\');\n           ...', 'args': []}
2025-10-02 15:04:19 [   DEBUG] connectionpool.py:544: http://localhost:60791 "POST /session/6da467110d7e3e20d77ad973d7a88669/execute/sync HTTP/1.1" 200 0
2025-10-02 15:04:19 [   DEBUG] remote_connection.py:438: Remote response: status=200 | data={"value":false} | headers=HTTPHeaderDict({'Content-Length': '15', 'Content-Type': 'application/json; charset=utf-8', 'cache-control': 'no-cache'})
2025-10-02 15:04:19 [   DEBUG] remote_connection.py:467: Finished Request
2025-10-02 15:04:19 [   DEBUG] remote_connection.py:405: POST http://localhost:60791/session/6da467110d7e3e20d77ad973d7a88669/execute/sync {'script': '\n            var videoElement = document.querySelector(\'video[data-cy="remote-video"]\');\n           ...', 'args': []}
2025-10-02 15:04:19 [   DEBUG] connectionpool.py:544: http://localhost:60791 "POST /session/6da467110d7e3e20d77ad973d7a88669/execute/sync HTTP/1.1" 200 0
2025-10-02 15:04:19 [   DEBUG] remote_connection.py:438: Remote response: status=200 | data={"value":false} | headers=HTTPHeaderDict({'Content-Length': '15', 'Content-Type': 'application/json; charset=utf-8', 'cache-control': 'no-cache'})
2025-10-02 15:04:19 [   DEBUG] remote_connection.py:467: Finished Request
2025-10-02 15:04:20 [   DEBUG] remote_connection.py:405: POST http://localhost:60791/session/6da467110d7e3e20d77ad973d7a88669/execute/sync {'script': '\n            var videoElement = document.querySelector(\'video[data-cy="remote-video"]\');\n           ...', 'args': []}
2025-10-02 15:04:20 [   DEBUG] connectionpool.py:544: http://localhost:60791 "POST /session/6da467110d7e3e20d77ad973d7a88669/execute/sync HTTP/1.1" 200 0
2025-10-02 15:04:20 [   DEBUG] remote_connection.py:438: Remote response: status=200 | data={"value":false} | headers=HTTPHeaderDict({'Content-Length': '15', 'Content-Type': 'application/json; charset=utf-8', 'cache-control': 'no-cache'})
2025-10-02 15:04:20 [   DEBUG] remote_connection.py:467: Finished Request
2025-10-02 15:04:20 [   DEBUG] remote_connection.py:405: POST http://localhost:60791/session/6da467110d7e3e20d77ad973d7a88669/execute/sync {'script': '\n            var videoElement = document.querySelector(\'video[data-cy="remote-video"]\');\n           ...', 'args': []}
2025-10-02 15:04:20 [   DEBUG] connectionpool.py:544: http://localhost:60791 "POST /session/6da467110d7e3e20d77ad973d7a88669/execute/sync HTTP/1.1" 200 0
2025-10-02 15:04:20 [   DEBUG] remote_connection.py:438: Remote response: status=200 | data={"value":false} | headers=HTTPHeaderDict({'Content-Length': '15', 'Content-Type': 'application/json; charset=utf-8', 'cache-control': 'no-cache'})
2025-10-02 15:04:20 [   DEBUG] remote_connection.py:467: Finished Request
2025-10-02 15:04:21 [   DEBUG] remote_connection.py:405: POST http://localhost:60791/session/6da467110d7e3e20d77ad973d7a88669/execute/sync {'script': '\n            var videoElement = document.querySelector(\'video[data-cy="remote-video"]\');\n           ...', 'args': []}
2025-10-02 15:04:21 [   DEBUG] connectionpool.py:544: http://localhost:60791 "POST /session/6da467110d7e3e20d77ad973d7a88669/execute/sync HTTP/1.1" 200 0
2025-10-02 15:04:21 [   DEBUG] remote_connection.py:438: Remote response: status=200 | data={"value":false} | headers=HTTPHeaderDict({'Content-Length': '15', 'Content-Type': 'application/json; charset=utf-8', 'cache-control': 'no-cache'})
2025-10-02 15:04:21 [   DEBUG] remote_connection.py:467: Finished Request
2025-10-02 15:04:21 [   DEBUG] remote_connection.py:405: POST http://localhost:60791/session/6da467110d7e3e20d77ad973d7a88669/execute/sync {'script': '\n            var videoElement = document.querySelector(\'video[data-cy="remote-video"]\');\n           ...', 'args': []}
2025-10-02 15:04:21 [   DEBUG] connectionpool.py:544: http://localhost:60791 "POST /session/6da467110d7e3e20d77ad973d7a88669/execute/sync HTTP/1.1" 200 0
2025-10-02 15:04:21 [   DEBUG] remote_connection.py:438: Remote response: status=200 | data={"value":false} | headers=HTTPHeaderDict({'Content-Length': '15', 'Content-Type': 'application/json; charset=utf-8', 'cache-control': 'no-cache'})
2025-10-02 15:04:21 [   DEBUG] remote_connection.py:467: Finished Request
2025-10-02 15:04:22 [   DEBUG] remote_connection.py:405: POST http://localhost:60791/session/6da467110d7e3e20d77ad973d7a88669/execute/sync {'script': '\n            var videoElement = document.querySelector(\'video[data-cy="remote-video"]\');\n           ...', 'args': []}
2025-10-02 15:04:22 [   DEBUG] connectionpool.py:544: http://localhost:60791 "POST /session/6da467110d7e3e20d77ad973d7a88669/execute/sync HTTP/1.1" 200 0
2025-10-02 15:04:22 [   DEBUG] remote_connection.py:438: Remote response: status=200 | data={"value":false} | headers=HTTPHeaderDict({'Content-Length': '15', 'Content-Type': 'application/json; charset=utf-8', 'cache-control': 'no-cache'})
2025-10-02 15:04:22 [   DEBUG] remote_connection.py:467: Finished Request
2025-10-02 15:04:22 [   DEBUG] remote_connection.py:405: POST http://localhost:60791/session/6da467110d7e3e20d77ad973d7a88669/execute/sync {'script': '\n            var videoElement = document.querySelector(\'video[data-cy="remote-video"]\');\n           ...', 'args': []}
2025-10-02 15:04:22 [   DEBUG] connectionpool.py:544: http://localhost:60791 "POST /session/6da467110d7e3e20d77ad973d7a88669/execute/sync HTTP/1.1" 200 0
2025-10-02 15:04:22 [   DEBUG] remote_connection.py:438: Remote response: status=200 | data={"value":false} | headers=HTTPHeaderDict({'Content-Length': '15', 'Content-Type': 'application/json; charset=utf-8', 'cache-control': 'no-cache'})
2025-10-02 15:04:22 [   DEBUG] remote_connection.py:467: Finished Request
2025-10-02 15:04:23 [   DEBUG] remote_connection.py:405: POST http://localhost:60791/session/6da467110d7e3e20d77ad973d7a88669/execute/sync {'script': '\n            var videoElement = document.querySelector(\'video[data-cy="remote-video"]\');\n           ...', 'args': []}
2025-10-02 15:04:23 [   DEBUG] connectionpool.py:544: http://localhost:60791 "POST /session/6da467110d7e3e20d77ad973d7a88669/execute/sync HTTP/1.1" 200 0
2025-10-02 15:04:23 [   DEBUG] remote_connection.py:438: Remote response: status=200 | data={"value":false} | headers=HTTPHeaderDict({'Content-Length': '15', 'Content-Type': 'application/json; charset=utf-8', 'cache-control': 'no-cache'})
2025-10-02 15:04:23 [   DEBUG] remote_connection.py:467: Finished Request
2025-10-02 15:04:23 [   DEBUG] remote_connection.py:405: POST http://localhost:60791/session/6da467110d7e3e20d77ad973d7a88669/execute/sync {'script': '\n            var videoElement = document.querySelector(\'video[data-cy="remote-video"]\');\n           ...', 'args': []}
2025-10-02 15:04:23 [   DEBUG] connectionpool.py:544: http://localhost:60791 "POST /session/6da467110d7e3e20d77ad973d7a88669/execute/sync HTTP/1.1" 200 0
2025-10-02 15:04:23 [   DEBUG] remote_connection.py:438: Remote response: status=200 | data={"value":false} | headers=HTTPHeaderDict({'Content-Length': '15', 'Content-Type': 'application/json; charset=utf-8', 'cache-control': 'no-cache'})
2025-10-02 15:04:23 [   DEBUG] remote_connection.py:467: Finished Request
2025-10-02 15:04:24 [   DEBUG] remote_connection.py:405: POST http://localhost:60791/session/6da467110d7e3e20d77ad973d7a88669/execute/sync {'script': '\n            var videoElement = document.querySelector(\'video[data-cy="remote-video"]\');\n           ...', 'args': []}
2025-10-02 15:04:24 [   DEBUG] connectionpool.py:544: http://localhost:60791 "POST /session/6da467110d7e3e20d77ad973d7a88669/execute/sync HTTP/1.1" 200 0
2025-10-02 15:04:24 [   DEBUG] remote_connection.py:438: Remote response: status=200 | data={"value":false} | headers=HTTPHeaderDict({'Content-Length': '15', 'Content-Type': 'application/json; charset=utf-8', 'cache-control': 'no-cache'})
2025-10-02 15:04:24 [   DEBUG] remote_connection.py:467: Finished Request
2025-10-02 15:04:24 [   DEBUG] remote_connection.py:405: POST http://localhost:60791/session/6da467110d7e3e20d77ad973d7a88669/execute/sync {'script': '\n            var videoElement = document.querySelector(\'video[data-cy="remote-video"]\');\n           ...', 'args': []}
2025-10-02 15:04:24 [   DEBUG] connectionpool.py:544: http://localhost:60791 "POST /session/6da467110d7e3e20d77ad973d7a88669/execute/sync HTTP/1.1" 200 0
2025-10-02 15:04:24 [   DEBUG] remote_connection.py:438: Remote response: status=200 | data={"value":false} | headers=HTTPHeaderDict({'Content-Length': '15', 'Content-Type': 'application/json; charset=utf-8', 'cache-control': 'no-cache'})
2025-10-02 15:04:24 [   DEBUG] remote_connection.py:467: Finished Request
2025-10-02 15:04:25 [   DEBUG] remote_connection.py:405: POST http://localhost:60791/session/6da467110d7e3e20d77ad973d7a88669/execute/sync {'script': '\n            var videoElement = document.querySelector(\'video[data-cy="remote-video"]\');\n           ...', 'args': []}
2025-10-02 15:04:25 [   DEBUG] connectionpool.py:544: http://localhost:60791 "POST /session/6da467110d7e3e20d77ad973d7a88669/execute/sync HTTP/1.1" 200 0
2025-10-02 15:04:25 [   DEBUG] remote_connection.py:438: Remote response: status=200 | data={"value":false} | headers=HTTPHeaderDict({'Content-Length': '15', 'Content-Type': 'application/json; charset=utf-8', 'cache-control': 'no-cache'})
2025-10-02 15:04:25 [   DEBUG] remote_connection.py:467: Finished Request
2025-10-02 15:04:25 [   DEBUG] remote_connection.py:405: POST http://localhost:60791/session/6da467110d7e3e20d77ad973d7a88669/execute/sync {'script': '\n            var videoElement = document.querySelector(\'video[data-cy="remote-video"]\');\n           ...', 'args': []}
2025-10-02 15:04:25 [   DEBUG] connectionpool.py:544: http://localhost:60791 "POST /session/6da467110d7e3e20d77ad973d7a88669/execute/sync HTTP/1.1" 200 0
2025-10-02 15:04:25 [   DEBUG] remote_connection.py:438: Remote response: status=200 | data={"value":false} | headers=HTTPHeaderDict({'Content-Length': '15', 'Content-Type': 'application/json; charset=utf-8', 'cache-control': 'no-cache'})
2025-10-02 15:04:25 [   DEBUG] remote_connection.py:467: Finished Request
2025-10-02 15:04:26 [   DEBUG] remote_connection.py:405: POST http://localhost:60791/session/6da467110d7e3e20d77ad973d7a88669/execute/sync {'script': '\n            var videoElement = document.querySelector(\'video[data-cy="remote-video"]\');\n           ...', 'args': []}
2025-10-02 15:04:26 [   DEBUG] connectionpool.py:544: http://localhost:60791 "POST /session/6da467110d7e3e20d77ad973d7a88669/execute/sync HTTP/1.1" 200 0
2025-10-02 15:04:26 [   DEBUG] remote_connection.py:438: Remote response: status=200 | data={"value":false} | headers=HTTPHeaderDict({'Content-Length': '15', 'Content-Type': 'application/json; charset=utf-8', 'cache-control': 'no-cache'})
2025-10-02 15:04:26 [   DEBUG] remote_connection.py:467: Finished Request
2025-10-02 15:04:26 [   DEBUG] remote_connection.py:405: POST http://localhost:60791/session/6da467110d7e3e20d77ad973d7a88669/execute/sync {'script': '\n            var videoElement = document.querySelector(\'video[data-cy="remote-video"]\');\n           ...', 'args': []}
2025-10-02 15:04:26 [   DEBUG] connectionpool.py:544: http://localhost:60791 "POST /session/6da467110d7e3e20d77ad973d7a88669/execute/sync HTTP/1.1" 200 0
2025-10-02 15:04:26 [   DEBUG] remote_connection.py:438: Remote response: status=200 | data={"value":false} | headers=HTTPHeaderDict({'Content-Length': '15', 'Content-Type': 'application/json; charset=utf-8', 'cache-control': 'no-cache'})
2025-10-02 15:04:26 [   DEBUG] remote_connection.py:467: Finished Request
2025-10-02 15:04:27 [   DEBUG] remote_connection.py:405: POST http://localhost:60791/session/6da467110d7e3e20d77ad973d7a88669/execute/sync {'script': '\n            var videoElement = document.querySelector(\'video[data-cy="remote-video"]\');\n           ...', 'args': []}
2025-10-02 15:04:27 [   DEBUG] connectionpool.py:544: http://localhost:60791 "POST /session/6da467110d7e3e20d77ad973d7a88669/execute/sync HTTP/1.1" 200 0
2025-10-02 15:04:27 [   DEBUG] remote_connection.py:438: Remote response: status=200 | data={"value":false} | headers=HTTPHeaderDict({'Content-Length': '15', 'Content-Type': 'application/json; charset=utf-8', 'cache-control': 'no-cache'})
2025-10-02 15:04:27 [   DEBUG] remote_connection.py:467: Finished Request
2025-10-02 15:04:27 [   DEBUG] remote_connection.py:405: POST http://localhost:60791/session/6da467110d7e3e20d77ad973d7a88669/execute/sync {'script': '\n            var videoElement = document.querySelector(\'video[data-cy="remote-video"]\');\n           ...', 'args': []}
2025-10-02 15:04:27 [   DEBUG] connectionpool.py:544: http://localhost:60791 "POST /session/6da467110d7e3e20d77ad973d7a88669/execute/sync HTTP/1.1" 200 0
2025-10-02 15:04:27 [   DEBUG] remote_connection.py:438: Remote response: status=200 | data={"value":false} | headers=HTTPHeaderDict({'Content-Length': '15', 'Content-Type': 'application/json; charset=utf-8', 'cache-control': 'no-cache'})
2025-10-02 15:04:27 [   DEBUG] remote_connection.py:467: Finished Request
2025-10-02 15:04:27 [    INFO] helpers.py:32: ✅ Завершен: Проверка отсутствия аудиопотока (10.19с)
2025-10-02 15:04:27 [    INFO] helpers.py:22: 🔄 Начало: Проверка отсутствия видеопотока
2025-10-02 15:04:27 [   DEBUG] remote_connection.py:405: POST http://localhost:60791/session/6da467110d7e3e20d77ad973d7a88669/execute/sync {'script': '\n            var videoElement = document.querySelector(\'video[data-cy="remote-video"]\');\n           ...', 'args': []}
2025-10-02 15:04:27 [   DEBUG] connectionpool.py:544: http://localhost:60791 "POST /session/6da467110d7e3e20d77ad973d7a88669/execute/sync HTTP/1.1" 200 0
2025-10-02 15:04:27 [   DEBUG] remote_connection.py:438: Remote response: status=200 | data={"value":false} | headers=HTTPHeaderDict({'Content-Length': '15', 'Content-Type': 'application/json; charset=utf-8', 'cache-control': 'no-cache'})
2025-10-02 15:04:27 [   DEBUG] remote_connection.py:467: Finished Request
2025-10-02 15:04:28 [   DEBUG] remote_connection.py:405: POST http://localhost:60791/session/6da467110d7e3e20d77ad973d7a88669/execute/sync {'script': '\n            var videoElement = document.querySelector(\'video[data-cy="remote-video"]\');\n           ...', 'args': []}
2025-10-02 15:04:28 [   DEBUG] connectionpool.py:544: http://localhost:60791 "POST /session/6da467110d7e3e20d77ad973d7a88669/execute/sync HTTP/1.1" 200 0
2025-10-02 15:04:28 [   DEBUG] remote_connection.py:438: Remote response: status=200 | data={"value":false} | headers=HTTPHeaderDict({'Content-Length': '15', 'Content-Type': 'application/json; charset=utf-8', 'cache-control': 'no-cache'})
2025-10-02 15:04:28 [   DEBUG] remote_connection.py:467: Finished Request
2025-10-02 15:04:28 [   DEBUG] remote_connection.py:405: POST http://localhost:60791/session/6da467110d7e3e20d77ad973d7a88669/execute/sync {'script': '\n            var videoElement = document.querySelector(\'video[data-cy="remote-video"]\');\n           ...', 'args': []}
2025-10-02 15:04:28 [   DEBUG] connectionpool.py:544: http://localhost:60791 "POST /session/6da467110d7e3e20d77ad973d7a88669/execute/sync HTTP/1.1" 200 0
2025-10-02 15:04:28 [   DEBUG] remote_connection.py:438: Remote response: status=200 | data={"value":false} | headers=HTTPHeaderDict({'Content-Length': '15', 'Content-Type': 'application/json; charset=utf-8', 'cache-control': 'no-cache'})
2025-10-02 15:04:28 [   DEBUG] remote_connection.py:467: Finished Request
2025-10-02 15:04:29 [   DEBUG] remote_connection.py:405: POST http://localhost:60791/session/6da467110d7e3e20d77ad973d7a88669/execute/sync {'script': '\n            var videoElement = document.querySelector(\'video[data-cy="remote-video"]\');\n           ...', 'args': []}
2025-10-02 15:04:29 [   DEBUG] connectionpool.py:544: http://localhost:60791 "POST /session/6da467110d7e3e20d77ad973d7a88669/execute/sync HTTP/1.1" 200 0
2025-10-02 15:04:29 [   DEBUG] remote_connection.py:438: Remote response: status=200 | data={"value":false} | headers=HTTPHeaderDict({'Content-Length': '15', 'Content-Type': 'application/json; charset=utf-8', 'cache-control': 'no-cache'})
2025-10-02 15:04:29 [   DEBUG] remote_connection.py:467: Finished Request
2025-10-02 15:04:29 [   DEBUG] remote_connection.py:405: POST http://localhost:60791/session/6da467110d7e3e20d77ad973d7a88669/execute/sync {'script': '\n            var videoElement = document.querySelector(\'video[data-cy="remote-video"]\');\n           ...', 'args': []}
2025-10-02 15:04:29 [   DEBUG] connectionpool.py:544: http://localhost:60791 "POST /session/6da467110d7e3e20d77ad973d7a88669/execute/sync HTTP/1.1" 200 0
2025-10-02 15:04:29 [   DEBUG] remote_connection.py:438: Remote response: status=200 | data={"value":false} | headers=HTTPHeaderDict({'Content-Length': '15', 'Content-Type': 'application/json; charset=utf-8', 'cache-control': 'no-cache'})
2025-10-02 15:04:29 [   DEBUG] remote_connection.py:467: Finished Request
2025-10-02 15:04:30 [   DEBUG] remote_connection.py:405: POST http://localhost:60791/session/6da467110d7e3e20d77ad973d7a88669/execute/sync {'script': '\n            var videoElement = document.querySelector(\'video[data-cy="remote-video"]\');\n           ...', 'args': []}
2025-10-02 15:04:30 [   DEBUG] connectionpool.py:544: http://localhost:60791 "POST /session/6da467110d7e3e20d77ad973d7a88669/execute/sync HTTP/1.1" 200 0
2025-10-02 15:04:30 [   DEBUG] remote_connection.py:438: Remote response: status=200 | data={"value":false} | headers=HTTPHeaderDict({'Content-Length': '15', 'Content-Type': 'application/json; charset=utf-8', 'cache-control': 'no-cache'})
2025-10-02 15:04:30 [   DEBUG] remote_connection.py:467: Finished Request
2025-10-02 15:04:30 [   DEBUG] remote_connection.py:405: POST http://localhost:60791/session/6da467110d7e3e20d77ad973d7a88669/execute/sync {'script': '\n            var videoElement = document.querySelector(\'video[data-cy="remote-video"]\');\n           ...', 'args': []}
2025-10-02 15:04:30 [   DEBUG] connectionpool.py:544: http://localhost:60791 "POST /session/6da467110d7e3e20d77ad973d7a88669/execute/sync HTTP/1.1" 200 0
2025-10-02 15:04:30 [   DEBUG] remote_connection.py:438: Remote response: status=200 | data={"value":false} | headers=HTTPHeaderDict({'Content-Length': '15', 'Content-Type': 'application/json; charset=utf-8', 'cache-control': 'no-cache'})
2025-10-02 15:04:30 [   DEBUG] remote_connection.py:467: Finished Request
2025-10-02 15:04:31 [   DEBUG] remote_connection.py:405: POST http://localhost:60791/session/6da467110d7e3e20d77ad973d7a88669/execute/sync {'script': '\n            var videoElement = document.querySelector(\'video[data-cy="remote-video"]\');\n           ...', 'args': []}
2025-10-02 15:04:31 [   DEBUG] connectionpool.py:544: http://localhost:60791 "POST /session/6da467110d7e3e20d77ad973d7a88669/execute/sync HTTP/1.1" 200 0
2025-10-02 15:04:31 [   DEBUG] remote_connection.py:438: Remote response: status=200 | data={"value":false} | headers=HTTPHeaderDict({'Content-Length': '15', 'Content-Type': 'application/json; charset=utf-8', 'cache-control': 'no-cache'})
2025-10-02 15:04:31 [   DEBUG] remote_connection.py:467: Finished Request
2025-10-02 15:04:31 [   DEBUG] remote_connection.py:405: POST http://localhost:60791/session/6da467110d7e3e20d77ad973d7a88669/execute/sync {'script': '\n            var videoElement = document.querySelector(\'video[data-cy="remote-video"]\');\n           ...', 'args': []}
2025-10-02 15:04:31 [   DEBUG] connectionpool.py:544: http://localhost:60791 "POST /session/6da467110d7e3e20d77ad973d7a88669/execute/sync HTTP/1.1" 200 0
2025-10-02 15:04:31 [   DEBUG] remote_connection.py:438: Remote response: status=200 | data={"value":false} | headers=HTTPHeaderDict({'Content-Length': '15', 'Content-Type': 'application/json; charset=utf-8', 'cache-control': 'no-cache'})
2025-10-02 15:04:31 [   DEBUG] remote_connection.py:467: Finished Request
2025-10-02 15:04:32 [   DEBUG] remote_connection.py:405: POST http://localhost:60791/session/6da467110d7e3e20d77ad973d7a88669/execute/sync {'script': '\n            var videoElement = document.querySelector(\'video[data-cy="remote-video"]\');\n           ...', 'args': []}
2025-10-02 15:04:32 [   DEBUG] connectionpool.py:544: http://localhost:60791 "POST /session/6da467110d7e3e20d77ad973d7a88669/execute/sync HTTP/1.1" 200 0
2025-10-02 15:04:32 [   DEBUG] remote_connection.py:438: Remote response: status=200 | data={"value":false} | headers=HTTPHeaderDict({'Content-Length': '15', 'Content-Type': 'application/json; charset=utf-8', 'cache-control': 'no-cache'})
2025-10-02 15:04:32 [   DEBUG] remote_connection.py:467: Finished Request
2025-10-02 15:04:32 [   DEBUG] remote_connection.py:405: POST http://localhost:60791/session/6da467110d7e3e20d77ad973d7a88669/execute/sync {'script': '\n            var videoElement = document.querySelector(\'video[data-cy="remote-video"]\');\n           ...', 'args': []}
2025-10-02 15:04:32 [   DEBUG] connectionpool.py:544: http://localhost:60791 "POST /session/6da467110d7e3e20d77ad973d7a88669/execute/sync HTTP/1.1" 200 0
2025-10-02 15:04:32 [   DEBUG] remote_connection.py:438: Remote response: status=200 | data={"value":false} | headers=HTTPHeaderDict({'Content-Length': '15', 'Content-Type': 'application/json; charset=utf-8', 'cache-control': 'no-cache'})
2025-10-02 15:04:32 [   DEBUG] remote_connection.py:467: Finished Request
2025-10-02 15:04:33 [   DEBUG] remote_connection.py:405: POST http://localhost:60791/session/6da467110d7e3e20d77ad973d7a88669/execute/sync {'script': '\n            var videoElement = document.querySelector(\'video[data-cy="remote-video"]\');\n           ...', 'args': []}
2025-10-02 15:04:33 [   DEBUG] connectionpool.py:544: http://localhost:60791 "POST /session/6da467110d7e3e20d77ad973d7a88669/execute/sync HTTP/1.1" 200 0
2025-10-02 15:04:33 [   DEBUG] remote_connection.py:438: Remote response: status=200 | data={"value":false} | headers=HTTPHeaderDict({'Content-Length': '15', 'Content-Type': 'application/json; charset=utf-8', 'cache-control': 'no-cache'})
2025-10-02 15:04:33 [   DEBUG] remote_connection.py:467: Finished Request
2025-10-02 15:04:33 [   DEBUG] remote_connection.py:405: POST http://localhost:60791/session/6da467110d7e3e20d77ad973d7a88669/execute/sync {'script': '\n            var videoElement = document.querySelector(\'video[data-cy="remote-video"]\');\n           ...', 'args': []}
2025-10-02 15:04:33 [   DEBUG] connectionpool.py:544: http://localhost:60791 "POST /session/6da467110d7e3e20d77ad973d7a88669/execute/sync HTTP/1.1" 200 0
2025-10-02 15:04:33 [   DEBUG] remote_connection.py:438: Remote response: status=200 | data={"value":false} | headers=HTTPHeaderDict({'Content-Length': '15', 'Content-Type': 'application/json; charset=utf-8', 'cache-control': 'no-cache'})
2025-10-02 15:04:33 [   DEBUG] remote_connection.py:467: Finished Request
2025-10-02 15:04:34 [   DEBUG] remote_connection.py:405: POST http://localhost:60791/session/6da467110d7e3e20d77ad973d7a88669/execute/sync {'script': '\n            var videoElement = document.querySelector(\'video[data-cy="remote-video"]\');\n           ...', 'args': []}
2025-10-02 15:04:34 [   DEBUG] connectionpool.py:544: http://localhost:60791 "POST /session/6da467110d7e3e20d77ad973d7a88669/execute/sync HTTP/1.1" 200 0
2025-10-02 15:04:34 [   DEBUG] remote_connection.py:438: Remote response: status=200 | data={"value":false} | headers=HTTPHeaderDict({'Content-Length': '15', 'Content-Type': 'application/json; charset=utf-8', 'cache-control': 'no-cache'})
2025-10-02 15:04:34 [   DEBUG] remote_connection.py:467: Finished Request
2025-10-02 15:04:34 [   DEBUG] remote_connection.py:405: POST http://localhost:60791/session/6da467110d7e3e20d77ad973d7a88669/execute/sync {'script': '\n            var videoElement = document.querySelector(\'video[data-cy="remote-video"]\');\n           ...', 'args': []}
2025-10-02 15:04:34 [   DEBUG] connectionpool.py:544: http://localhost:60791 "POST /session/6da467110d7e3e20d77ad973d7a88669/execute/sync HTTP/1.1" 200 0
2025-10-02 15:04:34 [   DEBUG] remote_connection.py:438: Remote response: status=200 | data={"value":false} | headers=HTTPHeaderDict({'Content-Length': '15', 'Content-Type': 'application/json; charset=utf-8', 'cache-control': 'no-cache'})
2025-10-02 15:04:34 [   DEBUG] remote_connection.py:467: Finished Request
2025-10-02 15:04:35 [   DEBUG] remote_connection.py:405: POST http://localhost:60791/session/6da467110d7e3e20d77ad973d7a88669/execute/sync {'script': '\n            var videoElement = document.querySelector(\'video[data-cy="remote-video"]\');\n           ...', 'args': []}
2025-10-02 15:04:35 [   DEBUG] connectionpool.py:544: http://localhost:60791 "POST /session/6da467110d7e3e20d77ad973d7a88669/execute/sync HTTP/1.1" 200 0
2025-10-02 15:04:35 [   DEBUG] remote_connection.py:438: Remote response: status=200 | data={"value":false} | headers=HTTPHeaderDict({'Content-Length': '15', 'Content-Type': 'application/json; charset=utf-8', 'cache-control': 'no-cache'})
2025-10-02 15:04:35 [   DEBUG] remote_connection.py:467: Finished Request
2025-10-02 15:04:35 [   DEBUG] remote_connection.py:405: POST http://localhost:60791/session/6da467110d7e3e20d77ad973d7a88669/execute/sync {'script': '\n            var videoElement = document.querySelector(\'video[data-cy="remote-video"]\');\n           ...', 'args': []}
2025-10-02 15:04:35 [   DEBUG] connectionpool.py:544: http://localhost:60791 "POST /session/6da467110d7e3e20d77ad973d7a88669/execute/sync HTTP/1.1" 200 0
2025-10-02 15:04:35 [   DEBUG] remote_connection.py:438: Remote response: status=200 | data={"value":false} | headers=HTTPHeaderDict({'Content-Length': '15', 'Content-Type': 'application/json; charset=utf-8', 'cache-control': 'no-cache'})
2025-10-02 15:04:35 [   DEBUG] remote_connection.py:467: Finished Request
2025-10-02 15:04:36 [   DEBUG] remote_connection.py:405: POST http://localhost:60791/session/6da467110d7e3e20d77ad973d7a88669/execute/sync {'script': '\n            var videoElement = document.querySelector(\'video[data-cy="remote-video"]\');\n           ...', 'args': []}
2025-10-02 15:04:36 [   DEBUG] connectionpool.py:544: http://localhost:60791 "POST /session/6da467110d7e3e20d77ad973d7a88669/execute/sync HTTP/1.1" 200 0
2025-10-02 15:04:36 [   DEBUG] remote_connection.py:438: Remote response: status=200 | data={"value":false} | headers=HTTPHeaderDict({'Content-Length': '15', 'Content-Type': 'application/json; charset=utf-8', 'cache-control': 'no-cache'})
2025-10-02 15:04:36 [   DEBUG] remote_connection.py:467: Finished Request
2025-10-02 15:04:36 [   DEBUG] remote_connection.py:405: POST http://localhost:60791/session/6da467110d7e3e20d77ad973d7a88669/execute/sync {'script': '\n            var videoElement = document.querySelector(\'video[data-cy="remote-video"]\');\n           ...', 'args': []}
2025-10-02 15:04:36 [   DEBUG] connectionpool.py:544: http://localhost:60791 "POST /session/6da467110d7e3e20d77ad973d7a88669/execute/sync HTTP/1.1" 200 0
2025-10-02 15:04:36 [   DEBUG] remote_connection.py:438: Remote response: status=200 | data={"value":false} | headers=HTTPHeaderDict({'Content-Length': '15', 'Content-Type': 'application/json; charset=utf-8', 'cache-control': 'no-cache'})
2025-10-02 15:04:36 [   DEBUG] remote_connection.py:467: Finished Request
2025-10-02 15:04:37 [   DEBUG] remote_connection.py:405: POST http://localhost:60791/session/6da467110d7e3e20d77ad973d7a88669/execute/sync {'script': '\n            var videoElement = document.querySelector(\'video[data-cy="remote-video"]\');\n           ...', 'args': []}
2025-10-02 15:04:37 [   DEBUG] connectionpool.py:544: http://localhost:60791 "POST /session/6da467110d7e3e20d77ad973d7a88669/execute/sync HTTP/1.1" 200 0
2025-10-02 15:04:37 [   DEBUG] remote_connection.py:438: Remote response: status=200 | data={"value":false} | headers=HTTPHeaderDict({'Content-Length': '15', 'Content-Type': 'application/json; charset=utf-8', 'cache-control': 'no-cache'})
2025-10-02 15:04:37 [   DEBUG] remote_connection.py:467: Finished Request
2025-10-02 15:04:37 [   DEBUG] remote_connection.py:405: POST http://localhost:60791/session/6da467110d7e3e20d77ad973d7a88669/execute/sync {'script': '\n            var videoElement = document.querySelector(\'video[data-cy="remote-video"]\');\n           ...', 'args': []}
2025-10-02 15:04:37 [   DEBUG] connectionpool.py:544: http://localhost:60791 "POST /session/6da467110d7e3e20d77ad973d7a88669/execute/sync HTTP/1.1" 200 0
2025-10-02 15:04:37 [   DEBUG] remote_connection.py:438: Remote response: status=200 | data={"value":false} | headers=HTTPHeaderDict({'Content-Length': '15', 'Content-Type': 'application/json; charset=utf-8', 'cache-control': 'no-cache'})
2025-10-02 15:04:37 [   DEBUG] remote_connection.py:467: Finished Request
2025-10-02 15:04:37 [    INFO] helpers.py:32: ✅ Завершен: Проверка отсутствия видеопотока (10.14с)
2025-10-02 15:04:37 [    INFO] helpers.py:22: 🔄 Начало: Проверка значка кнопки START
2025-10-02 15:04:37 [   DEBUG] remote_connection.py:405: POST http://localhost:60791/session/6da467110d7e3e20d77ad973d7a88669/element {'using': 'xpath', 'value': "//button[.//span[text()='Start']]"}
2025-10-02 15:04:37 [   DEBUG] connectionpool.py:544: http://localhost:60791 "POST /session/6da467110d7e3e20d77ad973d7a88669/element HTTP/1.1" 200 0
2025-10-02 15:04:37 [   DEBUG] remote_connection.py:438: Remote response: status=200 | data={"value":{"element-6066-11e4-a52e-4f735466cecf":"f.DC16557365C56DAA29B164B083E2B26C.d.CD433553138585048B6052CD53C8ADBB.e.13"}} | headers=HTTPHeaderDict({'Content-Length': '126', 'Content-Type': 'application/json; charset=utf-8', 'cache-control': 'no-cache'})
2025-10-02 15:04:37 [   DEBUG] remote_connection.py:467: Finished Request
2025-10-02 15:04:37 [   DEBUG] remote_connection.py:405: POST http://localhost:60791/session/6da467110d7e3e20d77ad973d7a88669/execute/sync {'script': '/* getAttribute */return (function(){return (function(){var d=this||self;function f(a,b){function c(...', 'args': [{'element-6066-11e4-a52e-4f735466cecf': 'f.DC16557365C56DAA29B164B083E2B26C.d.CD433553138585048B6052CD53C8ADBB.e.13'}, 'class']}
2025-10-02 15:04:37 [   DEBUG] connectionpool.py:544: http://localhost:60791 "POST /session/6da467110d7e3e20d77ad973d7a88669/execute/sync HTTP/1.1" 200 0
2025-10-02 15:04:37 [   DEBUG] remote_connection.py:438: Remote response: status=200 | data={"value":"d-flex border-0 outline-none base-button align-items-center justify-content-center custom-button flex-1 bg-success success-button"} | headers=HTTPHeaderDict({'Content-Length': '141', 'Content-Type': 'application/json; charset=utf-8', 'cache-control': 'no-cache'})
2025-10-02 15:04:37 [   DEBUG] remote_connection.py:467: Finished Request
2025-10-02 15:04:37 [    INFO] helpers.py:32: ✅ Завершен: Проверка значка кнопки START (0.02с)
2025-10-02 15:04:37 [    INFO] helpers.py:22: 🔄 Начало: Проверка отображения WebGuest в VT  - состояние: ВЫКЛ.
2025-10-02 15:04:49 [    INFO] helpers.py:32: ✅ Завершен: Проверка отображения WebGuest в VT  - состояние: ВЫКЛ. (11.16с)
2025-10-02 15:04:49 [   DEBUG] remote_connection.py:405: DELETE http://localhost:60791/session/6da467110d7e3e20d77ad973d7a88669 {}
2025-10-02 15:04:49 [   DEBUG] connectionpool.py:544: http://localhost:60791 "DELETE /session/6da467110d7e3e20d77ad973d7a88669 HTTP/1.1" 200 0
2025-10-02 15:04:49 [   DEBUG] remote_connection.py:438: Remote response: status=200 | data={"value":null} | headers=HTTPHeaderDict({'Content-Length': '14', 'Content-Type': 'application/json; charset=utf-8', 'cache-control': 'no-cache'})
2025-10-02 15:04:49 [   DEBUG] remote_connection.py:467: Finished Request
